PhysicalSelect[name:varchar(32)[VARCHAR], order_date:date[DATE], sku:varchar(32)[VARCHAR], quan:int[INT]]
  Project_Default(customers.name, orders.order_date, items.sku, items.quan)
    Filter_Default(customers - orders - items)
      Flatten_HKeyOrdered(customers - orders INNER items)
        Flatten_HKeyOrdered(customers INNER orders)
          Select_HKeyOrdered(items.sku < '8888')
            GroupScan_Default(customers)