PhysicalSelect[name:varchar(32)[VARCHAR], order_date:date[DATE]]
  Project_Default(Field(1), Field(4))
    Sort_Tree(flatten(flatten(test.customers, test.orders), test.items))
      Filter_Default(flatten(flatten(test.customers, test.orders), test.items))
        Flatten_HKeyOrdered(flatten(test.customers, test.orders) INNER test.items)
          Flatten_HKeyOrdered(test.customers INNER test.orders)
            Select_HKeyOrdered(Field(3) > 100)
              GroupScan_Default(full scan on _akiban_customers)