PhysicalSelect[order_date:date[DATE]]
  Project_Default(orders.order_date)
    Filter_Default(test.customers - test.orders)
      Flatten_HKeyOrdered(test.customers INNER test.orders)
        Select_HKeyOrdered(orders.order_date > DATE '2011-01-01')
          GroupScan_Default(full scan on _akiban_customers)