Select_HKeyOrdered(flatten(flatten(user.customers, user.orders), user.items), Field(7) < Literal(8888))
  Select_HKeyOrdered(flatten(flatten(user.customers, user.orders), user.items), Field(7) >= Literal(0))
    Flatten_HKeyOrdered(flatten(user.customers, user.orders) INNER user.items)
      Flatten_HKeyOrdered(user.customers INNER user.orders)
        GroupScan_Default(_akiban_customers NO LIMIT)
