PhysicalSelect[name:varchar(32)[VARCHAR], order_date:date[DATE]]
  Project_Default(customers.name, orders.order_date)
    Sort_Tree(orders.order_date DESC, PRESERVE_DUPLICATES)
      Filter_Default(test.customers - test.orders - test.items)
        Flatten_HKeyOrdered(test.customers - test.orders INNER test.items)
          Flatten_HKeyOrdered(test.customers INNER test.orders)
            Select_HKeyOrdered(items.quan > 100)
              GroupScan_Default(full scan on _akiban_customers)