PhysicalSelect[order_date:date[DATE]]
  project([Field(4)])
    Filter_Default([flatten(user.customers, user.orders)])
      Flatten_HKeyOrdered(user.customers INNER user.orders)
        Select_HKeyOrdered(user.orders, Field(2) > Literal(2011-01-01))
          GroupScan_Default(full scan on _akiban_customers)
