SelectQuery@2c55f197
  ResultSet@3e68073e[order_date, name]
    Sort@496a0398[PROJECT[1]]
      UsingHashTable@76f0165b(HashTable@c4bed5e)
        Flatten@64dd807c(customers INNER orders)
          GroupScan@4cccbca0(Group(test.customers), rows = 1000, cost = 59725.0)
            TableSource@534d4477(customers - TableGroup@5681792d(customers))
            TableSource@6933f9ae(orders - TableGroupJoin@1573d3c4(Join(test/customers/cid/test/test.orders/cid: test.orders -> test.customers, group(test.customers))))
        MapJoin@6753f3dc()
          Flatten@a1e80a0(parent INNER child)
            GroupScan@38af2583(Group(test.parent), rows = 1000, cost = 42273.0)
              TableSource@23af7e20(parent - TableGroup@4e3aa5b9(parent))
              TableSource@75ca0b5a(child - TableGroupJoin@72c7d887(Join(test/parent/id/test/test.child/pid: test.child -> test.parent, group(test.parent))))
          Project@1fb39774[orders.order_date, child.name]
            Select@479c50ee[]
              HashTableLookup@1e58c1f0(HashTable@c4bed5e, [parent.name])
                TableSource@534d4477(customers - TableGroup@5681792d(customers))
                TableSource@6933f9ae(orders - TableGroupJoin@1573d3c4(Join(test/customers/cid/test/test.orders/cid: test.orders -> test.customers, group(test.customers))))