SelectQuery@6f93ee4
  ResultSet@558fee4f[order_date]
    MapJoin@d325aef()
      Flatten@64f007ad(user.orders)
        BranchLookup@4a8822a0(user.customers -> user.customers)
          IndexScan@2f995c9a(Index(user.customers.name[IndexColumn(name)]), NONE, =Smith)
          TableSource@59e3bddb(user.orders - TableGroupJoin@7d8e9adf(Join(user/customers/cid/user/user.orders/cid: user.orders -> user.customers, group(customers))))
      Project@5c66b06b[user.orders.order_date]
        Select@59c87031[]
          Limit@1d59e6df(LIMIT 1)
            Select@54140fee[]
              Flatten@7e7f8062(user.items)
                Select@64c5e2cf[user.items.sku == 1234]
                  AncestorLookup@7badb7b8(user.items -> [user.items])
                    IndexScan@49f8d077(Index(user.items.__akiban_fk_1[IndexColumn(oid)]), NONE, =user.orders.oid)
                    TableSource@2a8c7be5(user.items - TableGroup@6e3e5a91(customers))