SelectQuery@75144026
  ResultSet@47fbad7[order_date, sku, quan]
    MapJoin@37debcf3()
      Flatten@47122d(user.orders INNER user.items)
        BranchLookup@39fa487f(user.customers -> user.customers)
          IndexScan@5eada795(Index(user.customers.name[IndexColumn(name)]), NONE, =Smith)
          TableSource@7d08c1b7(user.orders - TableGroupJoin@5ad557c2(Join(user/customers/cid/user/user.orders/cid: user.orders -> user.customers, group(customers))))
          TableSource@49e61582(user.items - TableGroupJoin@6c74b024(Join(user/orders/oid/user/user.items/oid: user.items -> user.orders, group(customers))))
      Project@5dc37b8f[user.orders.order_date, user.items.sku, user.items.quan]
        Select@4ce51960[]
          Limit@60d8431c(LIMIT 1)
            Select@161e14f0[user.items.sku == VALUES[0]]
              ExpressionsSource@208e2fb5[[$0], [$1], [$2]]