SelectQuery@583a5794
  ResultSet@5e4be2cc[order_date, sku, quan]
    MapJoin@6d7e845a()
      Flatten@d2368df(user.orders INNER user.items)
        BranchLookup@fba0f36(user.customers -> user.customers)
          IndexScan@3caa4b(Index(user.customers.name[IndexColumn(name)]), NONE, =Smith)
          TableSource@7eb05acd(user.orders - TableGroupJoin@ed0220c(Join(user/customers/cid/user/user.orders/cid: user.orders -> user.customers, group(customers))))
          TableSource@8c3c315(user.items - TableGroupJoin@26b496d(Join(user/orders/oid/user/user.items/oid: user.items -> user.orders, group(customers))))
      Project@4816ef71[user.orders.order_date, user.items.sku, user.items.quan]
        Select@59c208b0[]
          Limit@51a19458(LIMIT 1)
            Select@39880571[]
              Flatten@105691e(user.items)
                Select@47124746[user.items.quan == plus(user.items.quan,user.items.quan)]
                  AncestorLookup@a383118(user.items -> [user.items])
                    IndexScan@6f1f23e5(Index(user.items.sku[IndexColumn(sku)]), NONE, =1234)
                    TableSource@5121177e(user.items - TableGroup@656dc861(customers))