SelectQuery@2b890c67
  ResultSet@328d5485[order_date, sku, quan]
    Project@5ca801b0[user.orders.order_date, user.items.sku, user.items.quan]
      Select@1a06f956[ANY(Subquery@b7cf28b)]
        Flatten@58e5ebd(user.orders INNER user.items)
          BranchLookup@45edcd24(user.customers -> user.customers)
            IndexScan@7f371a59(Index(user.customers.name[IndexColumn(name)]), NONE, =Smith)
            TableSource@6c267f18(user.orders - TableGroupJoin@7aa30a4e(Join(user/customers/cid/user/user.orders/cid: user.orders -> user.customers, group(customers))))
            TableSource@53623820(user.items - TableGroupJoin@65f9c5c8(Join(user/orders/oid/user/user.items/oid: user.items -> user.orders, group(customers))))

Subquery@b7cf28b
  Project@38178991[user.items.quan == user.items.quan]
    Select@1148ab5c[]
      Flatten@712801c5(user.items)
        AncestorLookup@798c668c(user.items -> [user.items])
          IndexScan@70a0afab(Index(user.items.sku[IndexColumn(sku)]), NONE, =1234)
          TableSource@35e5ebbf(user.items - TableGroup@456d3d51(customers))