PhysicalSelect[name:varchar(32)[VARCHAR], order_date:date[DATE], state:char(2)[VARCHAR]]
  Project_Default(customers.name, orders.order_date, addresses.state)
    Product_NestedLoops(customers - orders x customers - addresses)
      Flatten_HKeyOrdered(customers INNER orders)
        AncestorLookup_Default(Index(orders.order_date) -> customers, orders)
          IndexScan_Default(Index(orders.order_date), order_date > DATE '2011-01-01')
      Filter_Default(customers - addresses)
        Flatten_HKeyOrdered(customers INNER addresses)
          BranchLookup_Nested(customers -> addresses)