SelectQuery@55d4ee7e
  ResultSet@e75be38[order_date, _SQL_COL_1]
    Project@541b55f2[GROUP[0], divide(GROUP[1],GROUP[2])]
      Select@4ea7ae01[]
        AggregateSource@6290ebfe(1,[SUM, COUNT])
          Project@1875a340[user.orders.order_date, user.items.quan, user.items.quan]
            Select@5330cb4b[user.items.sku == $0]
              JoinNode@2872d398(INNER[user.orders.oid == user.items.oid])
                TableSource@3c0c74fe(user.items)
                TableSource@228ab65(user.orders)