SelectQuery@55de5f0b
  ResultSet@7a31f737[order_date, sku, quan]
    Project@665d7a8d[user.orders.order_date, user.items.sku, user.items.quan]
      Select@318f37c[]
        JoinNode@5b19537a(INNER/NESTED_LOOPS)
          ExpressionsSource@60b25809([[1234], [4567]])
          TableJoins@6d99723f(TableGroup@61d22f35(customers) - IndexScan@751bbe4f(Index(.customers.cname_and_sku[IndexColumn(name), IndexColumn(sku)]), NONE, =Smith, =VALUES[0], rows = 1, cost = 3.84000))
            JoinNode@706b7099(INNER/GROUP[user.items.oid == user.orders.oid] - TableGroupJoin@1dad8678(Join(user/orders/oid/user/user.items/oid: user.items -> user.orders, group(customers))))
              JoinNode@6b573f80(INNER/GROUP[user.orders.cid == user.customers.cid] - TableGroupJoin@2d0a238e(Join(user/customers/cid/user/user.orders/cid: user.orders -> user.customers, group(customers))))
                TableSource@640eac4a(user.customers - TableGroup@61d22f35(customers))
                TableSource@7f516197(user.orders - TableGroupJoin@2d0a238e(Join(user/customers/cid/user/user.orders/cid: user.orders -> user.customers, group(customers))))
              TableSource@37de41ce(user.items - TableGroupJoin@1dad8678(Join(user/orders/oid/user/user.items/oid: user.items -> user.orders, group(customers))))