SelectQuery@7a3e72
  ResultSet@5999ae9c[cid, name, aid, cid, state, city]
    Project@7896b1b8[user.customers.cid, user.customers.name, user.addresses.aid, user.addresses.cid, user.addresses.state, user.addresses.city]
      Select@6d6de4e1[]
        JoinNode@49cda7e7(LEFT/NESTED_LOOPS[user.addresses.city != user.customers.name])
          TableGroupJoinTree@11da5362(TableGroup@14985016(customers), customers - GroupScan@6bd8c046(Group(customers -> user._akiban_customers)))
            TableSource@5cca548b(user.customers - TableGroup@14985016(customers))
          TableGroupJoinTree@1bb1deea(TableGroup@14985016(customers), addresses - IndexScan@79b0edb2(Index(user.addresses.__akiban_fk_2[IndexColumn(cid)]), NONE, =user.customers.cid, rows = 1, cost = 432.846))
            TableSource@6774a144(user.addresses - TableGroup@14985016(customers))