SelectQuery@7a3e72
  ResultSet@5999ae9c[cid, name, aid, cid, state, city]
    Project@7896b1b8[customers.cid, customers.name, addresses.aid, addresses.cid, addresses.state, addresses.city]
      Select@6d6de4e1[]
        JoinNode@49cda7e7(LEFT/NESTED_LOOPS[addresses.city != customers.name])
          TableGroupJoinTree@11da5362(TableGroup@14985016(customers), customers - SingleIndexScan@efe404(Index(test.customers.name[IndexColumn(name)]), covering/NONE, rows = 100, cost = 74.1740))
            TableSource@5cca548b(customers - TableGroup@14985016(customers))
          TableGroupJoinTree@1bb1deea(TableGroup@14985016(customers), addresses - GroupLoopScan@3cac9f83(customers - addresses, rows = 1, cost = 8.54240))
            TableSource@6774a144(addresses - TableGroup@14985016(customers))
