SelectQuery@8424bd
  ResultSet@6387f48e[name, _SQL_COL_1]
    Project@72c8c9ae[user.customers.name, Subquery@771094c4]
      Select@5c30f961[]
        TableGroupJoinTree@6c8b4ce9(TableGroup@2df02fde(customers), customers - GroupScan@73d6af61(Group(customers -> user._akiban_customers)))
          TableSource@68a7a3a7(user.customers - TableGroup@2df02fde(customers))

Subquery@771094c4
  ResultSet@61970ced[_SQL_COL_2]
    Project@35285701[COUNT(*)]
      Select@3d1cda9[]
        AggregateSource@6b681dea(UNGROUPED,[])
          Select@43151434[]
            TableGroupJoinTree@4d8cc8e9(TableGroup@2df02fde(customers), orders INNER items - IndexScan@6b29ca81(Index(user.orders.__akiban_fk_0[IndexColumn(cid)]), NONE, =user.customers.cid, rows = 200, cost = 231.150))
              TableSource@4382d44b(user.orders - TableGroup@2df02fde(customers))
                TableSource@423faa8d(user.items - TableGroupJoin@402771f8(Join(user/orders/oid/user/user.items/oid: user.items -> user.orders, group(customers))))