SelectQuery@53847a91
  ResultSet@1e8af06d[name, order_date]
    Project@33ae93c5[user.customers.name, x[1]]
      Select@a678505[]
        JoinNode@54f21f54(LEFT/NESTED_LOOPS)
          TableGroupJoinTree@1e05c314(TableGroup@28ec5359(customers), customers - IndexScan@54a15d(Index(user.customers.name[IndexColumn(name)]), covering/NONE, rows = 100, cost = 101.250))
            TableSource@34f5b235(user.customers - TableGroup@28ec5359(customers))
          SubquerySource@6e86d0bc(x)
            Subquery@124e1099
              ResultSet@4323b632[cid, order_date]
                Project@63e6ef5d[user.orders.cid, user.orders.order_date]
                  Select@5d8eaf0d[user.orders.order_date < 2011-01-01]
                    TableGroupJoinTree@4ad8d990(TableGroup@bdd6a16(customers), orders - IndexScan@755fd06f(Index(user.orders.__akiban_fk_0[IndexColumn(cid)]), NONE, =user.customers.cid, rows = 10, cost = 23.4000))
                      TableSource@6dffcd26(user.orders - TableGroup@bdd6a16(customers))