SelectQuery@5e8c39d7
  ResultSet@482982bf[order_date, name]
    Project@1d46ee9c[user.orders.order_date, user.child.name]
      Select@1bdb52c8[]
        JoinNode@5c17d6c1(INNER/NESTED_LOOPS)
          TableJoins@21144823(TableGroup@655daa9e(customers) - IndexScan@686c9f0f(Index(user.orders.order_date[IndexColumn(order_date)]), NONE, >2011-01-01, rows = 1, cost = 3.81000))
            JoinNode@3a8c02cc(INNER/GROUP - TableGroupJoin@333ec758(Join(user/customers/cid/user/user.orders/cid: user.orders -> user.customers, group(customers))))
              TableSource@5a10c276(user.customers - TableGroup@655daa9e(customers))
              TableSource@24eff2c(user.orders - TableGroupJoin@333ec758(Join(user/customers/cid/user/user.orders/cid: user.orders -> user.customers, group(customers))))
          TableJoins@74ac576f(TableGroup@5e917cb0(parent) - IndexScan@21913751(Index(user.parent.name[IndexColumn(name)]), NONE, =user.customers.name, rows = 1, cost = 3.82000))
            JoinNode@5ea07440(INNER/GROUP - TableGroupJoin@44c6b80e(Join(user/parent/id/user/user.child/pid: user.child -> user.parent, group(parent))))
              TableSource@1052a2e3(user.parent - TableGroup@5e917cb0(parent))
              TableSource@2143ed74(user.child - TableGroupJoin@44c6b80e(Join(user/parent/id/user/user.child/pid: user.child -> user.parent, group(parent))))