SelectQuery@2ce99681
  ResultSet@1b980630[order_date, name]
    Project@19be4777[PROJECT[0], PROJECT[1]]
      Sort@6446d228[PROJECT[2], PROJECT[1]]
        MapJoin@d5d4de6()
          Flatten@68a53de4(customers INNER orders)
            GroupScan@38827968(Group(customers -> test.customers), rows = 1000, cost = 59729.0)
              TableSource@56acdd02(customers - TableGroup@30e34726(customers))
              TableSource@6ee1dac2(orders - TableGroupJoin@7df0b7d3(Join(test/customers/cid/test/test.orders/cid: test.orders -> test.customers, group(customers))))
          Project@46b4be3d[orders.order_date, child.name, customers.name]
            Select@1b45e2d5[]
              Flatten@435bb0f(child)
                BranchLookup@638bd7f1(parent -> parent)
                  SingleIndexScan@720e4245(Index(test.parent.name[IndexColumn(name)]), NONE, =customers.name, rows = 10, cost = 640.731)
                  TableSource@1af0b4a3(child - TableGroupJoin@620fa83(Join(test/parent/id/test/test.child/pid: test.child -> test.parent, group(parent))))
