SelectQuery@69236cd5
  ResultSet@14be49e0[order_date, name]
    Sort@552c8fa8[PROJECT[1]]
      MapJoin@3d47358f()
        Flatten@e0d5eb7(customers INNER orders)
          GroupScan@fc54796(Group(test.customers), rows = 1000, cost = 59729.0)
            TableSource@20e183e9(customers - TableGroup@14004204(customers))
            TableSource@359b46dc(orders - TableGroupJoin@60ded0f0(Join(test/customers/cid/test/test.orders/cid: test.orders -> test.customers, group(test.customers))))
        Project@44676e3f[orders.order_date, child.name]
          Select@67dacccc[]
            Flatten@62770d2e(child)
              BranchLookup@76027982(parent -> parent)
                SingleIndexScan@1c778255(Index(test.parent.name[IndexColumn(name)]), NONE, =customers.name, rows = 10, cost = 640.731)
                TableSource@2830ae41(child - TableGroupJoin@6a0da90c(Join(test/parent/id/test/test.child/pid: test.child -> test.parent, group(test.parent))))
