SelectQuery@112c3327
  ResultSet@6cd24e3f[order_date, name]
    Sort@13b33a0e[SELECT[0], SELECT[1]]
      MapJoin@564ac216()
        Flatten@460c5e9c(user.customers INNER user.orders)
          GroupScan@561777b1(Group(customers -> user._akiban_customers))
            TableSource@2f60877b(user.customers - TableGroup@e3a1ec6(customers))
            TableSource@9e1be92(user.orders - TableGroupJoin@1eb3319f(Join(user/customers/cid/user/user.orders/cid: user.orders -> user.customers, group(customers))))
        Project@67ecd78[user.orders.order_date, user.child.name]
          Select@7eb05acd[]
            Flatten@6ee3849c(user.child)
              BranchLookup@1b1756a4(user.parent -> user.parent)
                IndexScan@193936e1(Index(user.parent.name[IndexColumn(name)]), NONE, =user.customers.name)
                TableSource@620a3d3b(user.child - TableGroupJoin@7b41fab6(Join(user/parent/id/user/user.child/pid: user.child -> user.parent, group(parent))))