SelectQuery@69236cd5
  ResultSet@14be49e0[order_date, name]
    Sort@552c8fa8[SELECT[1]]
      MapJoin@3d47358f()
        Flatten@e0d5eb7(user.customers INNER user.orders)
          GroupScan@fc54796(Group(customers -> user._akiban_customers))
            TableSource@20e183e9(user.customers - TableGroup@14004204(customers))
            TableSource@359b46dc(user.orders - TableGroupJoin@60ded0f0(Join(user/customers/cid/user/user.orders/cid: user.orders -> user.customers, group(customers))))
        Project@44676e3f[user.orders.order_date, user.child.name]
          Select@67dacccc[]
            Flatten@62770d2e(user.child)
              BranchLookup@76027982(user.parent -> user.parent)
                IndexScan@1c778255(Index(user.parent.name[IndexColumn(name)]), NONE, =user.customers.name)
                TableSource@2830ae41(user.child - TableGroupJoin@6a0da90c(Join(user/parent/id/user/user.child/pid: user.child -> user.parent, group(parent))))