DMLStatement@3b6653c6(x)
  UpdateStatement@3b060aa1(x[x.v1 = Cast(Subquery@36ed9f56 AS MCOMPAT_ INT(11) NULL)])
    Select@9a3ee4d[]
      Flatten@70265461(x)
        GroupScan@646de5cc(Group(test.x), rows = 1, cost = 0.00000)
          TableSource@50d20453(x - TableGroup@6b09e796(x))

Subquery@36ed9f56
  ResultSet@2a77e346[_SQL_COL_1]
    Project@1c69143c[SUM(Cast(y.v2 AS MCOMPAT_ BIGINT(21) NULL))]
      Select@24ea1e72[]
        AggregateSource@36af7db6(UNGROUPED,[])
          Select@674e14d[]
            Flatten@57435fc0(y)
              AncestorLookup@8436302(y -> [y])
                SingleIndexScan@191c8b(Index(test.y.y_fkey[IndexColumn(xid)]), NONE, =x.xid, rows = 1, cost = 12.3334)
                TableSource@45dd7f52(y - TableFKJoin@70a0e9b9(Foreign Key y_fkey: test.y REFERENCES test.x))
