com.foundationdb.sql.parser.CursorNode@49531c8c
name: null
updateMode: UNSPECIFIED
statementType: SELECT
resultSet: 	
	com.foundationdb.sql.parser.SelectNode@6f7750ef
	isDistinct: false
	resultColumns: 		
		com.foundationdb.sql.parser.ResultColumnList@73793532

		[0]:		
		com.foundationdb.sql.parser.ResultColumn@1a93a0d8
		exposedName: x
		name: x
		tableName: null
		isDefaultColumn: false
		type: null
		expression: 			
			com.foundationdb.sql.parser.ColumnReference@5224d289
			columnName: x
			tableName: t1
			type: null
			userData: t1.x from com.foundationdb.sql.parser.FromBaseTable@1324f232
		[1]:		
		com.foundationdb.sql.parser.ResultColumn@6f7a4a80
		exposedName: y
		name: y
		tableName: null
		isDefaultColumn: false
		type: null
		expression: 			
			com.foundationdb.sql.parser.ColumnReference@45b152ad
			columnName: y
			tableName: t1
			type: null
			userData: t1.y from com.foundationdb.sql.parser.FromBaseTable@1324f232
		[2]:		
		com.foundationdb.sql.parser.ResultColumn@7caaff99
		exposedName: z
		name: z
		tableName: null
		isDefaultColumn: false
		type: null
		expression: 			
			com.foundationdb.sql.parser.ColumnReference@3e72d5c0
			columnName: z
			tableName: t1
			type: null
			userData: t1.z from com.foundationdb.sql.parser.FromBaseTable@1324f232
		[3]:		
		com.foundationdb.sql.parser.ResultColumn@652f5047
		exposedName: w
		name: w
		tableName: null
		isDefaultColumn: false
		type: null
		expression: 			
			com.foundationdb.sql.parser.ColumnReference@53f9937
			columnName: w
			tableName: t2
			type: null
			userData: t2.w from com.foundationdb.sql.parser.FromBaseTable@5e98ba6f
		[4]:		
		com.foundationdb.sql.parser.ResultColumn@1263ec92
		exposedName: z
		name: z
		tableName: null
		isDefaultColumn: false
		type: null
		expression: 			
			com.foundationdb.sql.parser.ColumnReference@5e406eac
			columnName: z
			tableName: t2
			type: null
			userData: t2.z from com.foundationdb.sql.parser.FromBaseTable@5e98ba6f
	fromList: 		
		com.foundationdb.sql.parser.FromList@58220e8b

		[0]:		
		com.foundationdb.sql.parser.JoinNode@23e8f4e1
		naturalJoin: true
		nestedInParens: false
		correlation Name: null
		null
		leftResultSet: 			
			com.foundationdb.sql.parser.FromBaseTable@1324f232
			tableName: t1
			updateOrDelete: null
			null
			correlation Name: null
			null
			userData: test.t1
		rightResultSet: 			
			com.foundationdb.sql.parser.FromBaseTable@5e98ba6f
			tableName: t2
			updateOrDelete: null
			null
			correlation Name: null
			null
			userData: test.t2
		joinClause: 			
			com.foundationdb.sql.parser.BinaryRelationalOperatorNode@262b415
			operator: =
			methodName: equals
			type: null
			leftOperand: 				
				com.foundationdb.sql.parser.ColumnReference@1e1ccfec
				columnName: z
				tableName: t1
				type: null
				userData: t1.z from com.foundationdb.sql.parser.FromBaseTable@1324f232
			rightOperand: 				
				com.foundationdb.sql.parser.ColumnReference@75969e65
				columnName: z
				tableName: t2
				type: null
				userData: t2.z from com.foundationdb.sql.parser.FromBaseTable@5e98ba6f
