SelectQuery@3c985bf9
  ResultSet@36be5783[city, _SQL_COL_1]
    Project@a637589[addresses.city, COUNT(*)]
      Select@7b97ab3[]
        AggregateSource@222681bb(PRESORTED,[addresses.city],[])
          Select@e0f2d81[addresses.city == customers.name]
            TableGroupJoinTree@674775d(TableGroup@42e97022(customers), customers INNER addresses - SingleIndexScan@6bc0ea7f(Index(test.customers.state_and_name[IndexColumn(state), IndexColumn(name)]), GROUPED, ='NY', rows = 10, cost = 1051.04))
              TableSource@30260a6d(customers - TableGroup@42e97022(customers))
                TableSource@117692cd(addresses - TableGroupJoin@4d70dfac(Join(test/customers/cid/test/test.addresses/cid: test.addresses -> test.customers, group(test.customers))))
