SelectQuery@26114629
  ResultSet@38154145[sku, _SQL_COL_1]
    Project@7b7035c6[items.sku, COUNT(*)]
      Select@4921a90[]
        AggregateSource@140de648(PRESORTED,[items.sku],[])
          Select@1c898b41[]
            JoinNode@6deea96c(INNER/NESTED_LOOPS)
              TableGroupJoinTree@5faecf45(TableGroup@64afb650(customers), customers INNER orders INNER items - SingleIndexScan@2f63e9a1(Index(test.customers.cname_and_sku[IndexColumn(name), IndexColumn(sku)]), covering/SORTED, ='Smith', rows = 177, cost = 147.820))
                TableSource@7a9d1714(customers - TableGroup@64afb650(customers))
                  TableSource@5f5660ef(orders - TableGroupJoin@4da9ec16(Join(test/customers/cid/test/test.orders/cid: test.orders -> test.customers, group(test.customers))))
                    TableSource@569bc36d(items - TableGroupJoin@4ecac02f(Join(test/orders/oid/test/test.items/oid: test.items -> test.orders, group(test.customers))))
              TableGroupJoinTree@610f7612(TableGroup@4bea71d4(parent), parent - SingleIndexScan@3b896429(Index(test.parent.PRIMARY[IndexColumn(id)]), covering/NONE, =orders.oid, rows = 1, cost = 85.7128))
                TableSource@c3b5587(parent - TableGroup@4bea71d4(parent))
