SelectQuery@7c252278
  ResultSet@69fa33f4[cid, name, addresses, orders]
    Project@29690e87[customers.cid, customers.name, Subquery@265be339, Subquery@606fd8d3]
      Select@3038d64e[]
        TableGroupJoinTree@637db39d(TableGroup@39dfd9d8(customers), customers - SingleIndexScan@17571197(Index(test.customers.name[IndexColumn(name)]), covering/NONE, rows = 100, cost = 74.1740))
          TableSource@64a4cf29(customers - TableGroup@39dfd9d8(customers))

Subquery@265be339
  ResultSet@5aa2c6db[aid, cid, state, city]
    Project@5c80a10e[addresses.aid, addresses.cid, addresses.state, addresses.city]
      Select@74ad8259[]
        TableGroupJoinTree@2b48dce7(TableGroup@39dfd9d8(customers), addresses - GroupLoopScan@5543dc79(customers - addresses, rows = 1, cost = 7.72240))
          TableSource@5f995b60(addresses - TableGroup@39dfd9d8(customers))

Subquery@606fd8d3
  ResultSet@4f04361b[oid, cid, order_date, items]
    Project@cdcd94[orders.oid, orders.cid, orders.order_date, Subquery@2c8ed069]
      Select@1d7c4f24[]
        TableGroupJoinTree@4c2fd39b(TableGroup@39dfd9d8(customers), orders - GroupLoopScan@5a3fb7aa(customers - orders, rows = 10, cost = 24.8742))
          TableSource@2ce5f136(orders - TableGroup@39dfd9d8(customers))

Subquery@2c8ed069
  ResultSet@5414b459[iid, oid, sku, quan]
    Project@4773aff5[items.iid, items.oid, items.sku, items.quan]
      Select@1b4c6a2f[]
        TableGroupJoinTree@35cf41a9(TableGroup@39dfd9d8(customers), items - GroupLoopScan@d332830(orders - items, rows = 20, cost = 7.64200))
          TableSource@662a3318(items - TableGroup@39dfd9d8(customers))
