SelectQuery@449fea8a
  ResultSet@5edf2d38[name, state, order_date]
    Project@e11e831[user.customers.name, user.addresses.state, user.orders.order_date]
      Select@39a2f02e[]
        Product@78467991(user.customers)
          Flatten@7d858aa0(user.customers INNER user.addresses)
            GroupScan@70eb67e8(Group(customers -> user._akiban_customers))
              TableSource@2a48f675(user.customers - TableGroup@6ef2ea42(customers))
              TableSource@1c2c9103(user.addresses - TableGroupJoin@5e628704(Join(user/customers/cid/user/user.addresses/cid: user.addresses -> user.customers, group(customers))))
          Flatten@5ad75c47(user.customers INNER user.orders)
            BranchLookupNew@4a504ec1(user.customers -> user.orders)
              TableSource@31e46a68(user.orders - TableGroupJoin@df1cbf6(Join(user/customers/cid/user/user.orders/cid: user.orders -> user.customers, group(customers))))