SelectQuery@1342256f
  ResultSet@5ba7a449[name, oid, oid]
    Project@5b12e3a1[customers.name, o1.oid, o2.oid]
      Select@351e8dbd[o2.order_date == 2012-01-01]
        Product@46a6177c(customers)
          Flatten@424ff220(customers INNER o1)
            AncestorLookup@ea134e3(orders -> [customers, orders])
              IndexScan@79972a95(Index(user.orders.order_date[IndexColumn(order_date)]), NONE, =2011-12-31, rows = 10, cost = 1000.19)
              TableSource@66f82265(customers - TableGroup@68f574d1(customers))
              TableSource@2c9a49b3(o1 - TableGroupJoin@336cda90(Join(user/customers/cid/user/user.orders/cid: user.orders -> user.customers, group(customers))))
          Flatten@2f813e50(customers INNER o2)
            BranchLookup@4e220e8d(customers -> orders)
              TableSource@bcbc73(o2 - TableGroupJoin@1de9730e(Join(user/customers/cid/user/user.orders/cid: user.orders -> user.customers, group(customers))))
