PhysicalSelect[name:varchar(32), order_date:date, state:char(2)]
  Project_Default(customers.name, orders.order_date, addresses.state)
    Map_NestedLoops(0)
      Filter_Default(customers - addresses)
        Flatten_HKeyOrdered(customers INNER addresses)
          GroupLookup_Default(Index(customers.name) -> customers, addresses)
            IndexScan_Default(Index(customers.name), name = 'IBM')
      Product_Nested(customers - addresses x customers - orders)
        Filter_Default(customers - orders)
          Flatten_HKeyOrdered(customers INNER orders)
            BranchLookup_Nested(customers -> orders)