PhysicalSelect[name:varchar(32), order_date:date]
  Project_Default(customers.name, orders.order_date)
    Filter_Default(customers - orders)
      Flatten_HKeyOrdered(customers INNER orders)
        GroupLookup_Default(customers -> orders)
          GroupLookup_Default(Index(addresses.state) -> customers)
            IndexScan_Default(Index(addresses.state), state = 'MA')