SelectQuery@300b6421
  ResultSet@3bdacb2b[name, order_date, sku, quan]
    Project@195092c0[customers.name, orders.order_date, items.sku, items.quan]
      Select@78d2883b[orders.order_date > 2011-01-01]
        TableGroupJoinTree@45ee1775(TableGroup@12462631(customers), customers RIGHT orders INNER items)
          TableSource@3899d56b(customers - TableGroup@12462631(customers))
            TableSource@7b8a80d4(orders - TableGroupJoin@3b756456(Join(test/customers/cid/test/test.orders/cid: test.orders -> test.customers, group(test.customers))))
              TableSource@42101da9(items - TableGroupJoin@180e6899(Join(test/orders/oid/test/test.items/oid: test.items -> test.orders, group(test.customers))))
