SelectQuery@699238ad
  ResultSet@7ec71c00[cid, name]
    Project@41ff8506[customers.cid, customers.name]
      Select@6e766ec3[customers.name == 'Smith']
        TableGroupJoinTree@2161fcdd(TableGroup@2820224a(customers), customers)
          TableSource@4eabaf8c(customers - TableGroup@2820224a(customers))
