SelectQuery@b4ef239
  ResultSet@6c0081fb[cid, name, oid, cid, order_date, id, name, state, id, pid, name]
    Project@1555bd22[customers.cid, customers.name, orders.oid, orders.cid, orders.order_date, parent.id, parent.name, parent.state, child.id, child.pid, child.name]
      Select@2ff40e1f[]
        JoinNode@3fcb2dd1(LEFT[parent.name == customers.name])
          TableGroupJoinTree@342d150f(TableGroup@7bc1a68b(customers), customers INNER orders)
            TableSource@22862041(customers - TableGroup@7bc1a68b(customers))
              TableSource@13af9d1c(orders - TableGroupJoin@669d2f26(Join(test/customers/cid/test/test.orders/cid: test.orders -> test.customers, group(test.customers))))
          TableGroupJoinTree@59829c6b(TableGroup@deb62b6(parent), parent INNER child)
            TableSource@6e73a35c(parent - TableGroup@deb62b6(parent))
              TableSource@69ea25aa(child - TableGroupJoin@589da1dd(Join(test/parent/id/test/test.child/pid: test.child -> test.parent, group(test.parent))))
