SelectQuery@12c9b196
  ResultSet@746e96ff[name, order_date]
    Project@87b7b11[customers.name, orders.order_date]
      Sort@37f8d244[orders.order_date, customers.name]
        Select@30b48b11[]
          JoinNode@1d162212(LEFT[customers.cid == orders.cid])
            TableSource@1816daa9(customers)
            TableSource@46d999a(orders)
