SelectQuery@101a0ae6
  ResultSet@6c86ed2e[name]
    Project@5e24e1a3[PROJECT[0]]
      Union@4759c49e
        ResultSet@567b85aa[name]
          Project@47848841[parent.name]
            Select@4e0d8815[]
              TableSource@5a6142bb(parent)
        ResultSet@27643158[name]
          Project@22e39c9c[customers.name]
            Select@d3ed7a9[]
              TableSource@d3e5c9e(customers)