PhysicalSelect[name:varchar(32)[VARCHAR]]
  Project_Default(customers.name)
    Filter_Default(test.customers - test.orders)
      Flatten_HKeyOrdered(test.customers INNER test.orders)
        Select_HKeyOrdered(o2.order_date == DATE '2011-03-02')
          BranchLookup_Default(test._akiban_customers -> test.orders (via test.customers))
            AncestorLookup_Default(test._akiban_customers -> test.customers)
              IndexScan_Default(Index(test.orders.order_date[IndexColumn(order_date)]), order_date = 2011-03-01, cid, oid)