PhysicalSelect[order_date:date[DATE], quan:int[INT]]
  Map_NestedLoops
    ValuesScan_Default(ImmutableRow[1234], ImmutableRow[9876])
    Project_Default([Field(2), Field(6)])
      Flatten_HKeyOrdered(test.orders INNER test.items)
        AncestorLookup_Default(Index(.customers.sku_and_date[IndexColumn(sku), IndexColumn(order_date)]) -> [test.orders, test.items])
          IndexScan_Default(Index(.customers.sku_and_date[IndexColumn(sku), IndexColumn(order_date)]) (>UnboundExpressions[Bound(0,Field(0)), Literal(NULL)],<UnboundExpressions[Bound(0,Field(0)), Literal(2011-01-01)]))