DMLStatement@7d0225b1(t, HALLOWEEN)
  UpdateStatement@22802e24(t[t.n = plus(t.n,1)])
    Select@d554f2e[]
      Flatten@27d49732(t)
        AncestorLookup@7612680b(t -> [t])
          SingleIndexScan@326ce6bc(Index(test.t.t_n[IndexColumn(n)]), NONE, >1, rows = 1, cost = 12.2006)
          TableSource@4e762a52(t - TableGroup@ba05a81(t))