DMLStatement@53720a2(items)
  UpdateStatement@261be469(items[items.quan = Subquery@7130bd0a])
    Select@36cb1594[]
      TableSource@4ef5c3a6(items)

Subquery@169dd64
  ResultSet@170984c[_SQL_COL_1]
    Project@11ed166[GROUP[0]]
      Select@45aa2c[]
        AggregateSource@1a734ff(UNGROUPED,[MAX(items.quan)])
          Select@886ad0[]
            TableSource@ee20fe(items)