SelectQuery@112c3327
  ResultSet@6cd24e3f[order_date, name]
    Sort@13b33a0e[PROJECT[0], PROJECT[1]]
      MapJoin@564ac216()
        Flatten@460c5e9c(customers INNER orders)
          GroupScan@561777b1(Group(test.customers), rows = 1000, cost = 59725.0)
            TableSource@2f60877b(customers - TableGroup@e3a1ec6(customers))
            TableSource@9e1be92(orders - TableGroupJoin@1eb3319f(Join(test/customers/cid/test/test.orders/cid: test.orders -> test.customers, group(test.customers))))
        Project@67ecd78[orders.order_date, child.name]
          Select@7eb05acd[]
            Flatten@6ee3849c(child)
              BranchLookup@1b1756a4(parent -> parent)
                SingleIndexScan@193936e1(Index(test.parent.name[IndexColumn(name)]), NONE, =customers.name, rows = 10, cost = 640.731)
                TableSource@620a3d3b(child - TableGroupJoin@7b41fab6(Join(test/parent/id/test/test.child/pid: test.child -> test.parent, group(test.parent))))
