[
    {
        "first_name":"John",
        "odate":"2011-03-01 00:00:00",
        "sku":1234
    },
    {
        "first_name":"John",
        "odate":"2011-03-01 00:00:00",
        "sku":4567
    },
    {
        "first_name":"Willy",
        "odate":"2011-03-03 00:00:00",
        "sku":9876
    }
]