PhysicalUpdate
  Project_Default(orders.oid + 1000, date_add(orders.order_date, INTERVAL '1' DAY))
    Insert_Returning(INTO orders(oid, cid, order_date))
      Project_Default(CAST(customers.cid + 1000 AS INT), customers.cid, CAST(CURRENT_TIMESTAMP() AS DATE))
        IndexScan_Default(Index(customers.PRIMARY), cid)