PhysicalSelect[cid:int[INT], name:varchar(32)[VARCHAR]]
  UnionAll_Default()
    Project_Default(customers.cid, customers.name)
      IndexScan_Default(Index(customers.name), name, cid)
    Project_Default(orders.cid, orders.order_date)
      IndexScan_Default(Index(orders.order_date), order_date, cid, oid)