SelectQuery@76027982
  ResultSet@79226a77[cid, name, oid, cid, order_date]
    Project@427be8c2[customers.cid, customers.name, orders.oid, orders.cid, orders.order_date]
      Select@6a0da90c[month(orders.order_date) > 6]
        JoinNode@26d58939(INNER[customers.cid == orders.cid])
          TableSource@d24111a(customers)
          TableSource@3adec8b3(orders)
