SelectQuery@4a49cb6d
  ResultSet@32ca8735[name]
    Union@e72c2a0
      ResultSet@10479dc9[name]
        Union@4dc7ff78
          ResultSet@555472d[name]
            Project@21b3de17[parent.name]
              Select@27b9c94a[]
                TableSource@5caece38(parent)
          ResultSet@164e2da6[name]
            Project@6696f8ba[Cast(customers.name AS MCOMPAT_ VARCHAR(256, UTF8, UCS_BINARY) NOT NULL)]
              Select@41a3aff4[]
                TableSource@6174ddd6(customers)
      ResultSet@3f903e96[sku]
        Project@16fd0a74[Cast(items.sku AS MCOMPAT_ VARCHAR(256, UTF8, UCS_BINARY) NOT NULL)]
          Select@3eb95176[]
            TableSource@78933a25(items)