SelectQuery@49db129
  ResultSet@731cb6c4[cid, name]
    Union@3b788182
      ResultSet@647e9c4e[cid, name]
        Project@3447f86d[customers.cid, Cast(customers.name AS MCOMPAT_ INT(11) NOT NULL)]
          Select@6106d6eb[]
            TableSource@8081011(customers)
      ResultSet@4956d035[iid, oid]
        Project@627f6d30[items.iid, items.oid]
          Select@1bd99cd5[]
            TableSource@6bc7723b(items)
