DMLStatement@159f52fa(customers)
  InsertStatement@f00a62d(customers[customers.cid, customers.name])
    Project@739ddc0c[Cast(PROJECT[0] AS MCOMPAT_ INT(11) NOT NULL), Cast(PROJECT[1] AS MCOMPAT_ VARCHAR(32, UTF8, UCS_BINARY) NOT NULL)]
      Union@d9d321
        ResultSet@5cb41bf6[_SQL_COL_1, name]
          Project@3497e306[Cast(plus(customers.cid,100) AS MCOMPAT_ BIGINT(21) NOT NULL), Cast(customers.name AS MCOMPAT_ INT(11) NOT NULL)]
            Select@5fb9b9e3[]
              TableSource@1a5b172e(customers)
        ResultSet@524eda86[iid, oid]
          Project@36ecbda1[Cast(items.iid AS MCOMPAT_ BIGINT(21) NOT NULL), items.oid]
            Select@7095b132[]
              TableSource@73a4835c(items)
