PhysicalSelect[_SQL_COL_1:INTEGER NOT NULL]
  Project_Default(GROUP[0])
    Count_Default(* FROM flatten(test.customers, test.orders))
      Filter_Default(test.customers - test.orders)
        Flatten_HKeyOrdered(test.customers INNER test.orders)
          GroupScan_Default(full scan on _akiban_customers)