PhysicalSelect[oid:int[INT], sku:varchar(32)[VARCHAR], quan:int[INT]]
  Map_NestedLoops(test.items)
    AncestorLookup_Default(test._akiban_customers -> test.items)
      IndexScan_Default(Index(test.items.sku[IndexColumn(sku)]), sku, cid, oid, iid)
    Project_Default(Bound(0,Field(1)), Bound(0,Field(2)), Bound(0,Field(3)))
      Limit_Default(1)
        Select_HKeyOrdered(Bound(0,Field(3)) == VALUES[0])
          ValuesScan_Default(ImmutableRow[100], ImmutableRow[200], ImmutableRow[300])