PhysicalSelect[VARCHAR(32)][name:varchar(32)[VARCHAR], order_date:date[DATE], sku:varchar(32)[VARCHAR], quan:int[INT]]
  project([Field(1), Field(4), Field(7), Field(8)])
    Flatten_HKeyOrdered(flatten(user.customers, user.orders) INNER user.items)
      Flatten_HKeyOrdered(user.customers INNER user.orders)
        AncestorLookup_Default(Index(user.items.sku[IndexColumn(sku)]) -> [user.customers, user.orders, user.items])
          IndexScan_Default(Index(user.items.sku[IndexColumn(sku)]) (>UnboundExpressions[Literal(NULL)],<UnboundExpressions[Variable(pos=0)]))