PhysicalSelect[name:varchar(32)[VARCHAR], order_date:date[DATE]]
  Project_Default(customers.name, orders.order_date)
    Sort_Tree(orders.order_date DESC, PRESERVE_DUPLICATES)
      Filter_Default(test.customers - test.orders)
        Flatten_HKeyOrdered(test.customers LEFT test.orders)
          GroupScan_Default(full scan on _akiban_customers)