PhysicalSelect[order_date:date[DATE]]
  Map_NestedLoops()
    Filter_Default(orders)
      BranchLookup_Default(Index(customers.name) -> customers)
        IndexScan_Default(Index(customers.name), name = 'Smith')
    Project_Default(orders.order_date)
      IfEmpty_Default(NULL, NULL, NULL, NULL)
        Limit_Default(1)
          Select_HKeyOrdered(items.oid == orders.oid)
            IndexScan_Default(Index(items.sku), sku = '1234', orders.cid, oid, iid)