PhysicalSelect[oid:int[INT], sku:varchar(32)[VARCHAR], quan:int[INT]]
  Project_Default(items.oid, items.sku, items.quan)
    Select_HKeyOrdered(in(items.quan, 100, 200, 300))
      GroupLookup_Default(Index(items.sku) -> items)
        IndexScan_Default(Index(items.sku), sku ASC, orders.cid, oid, iid)