PhysicalSelect[order_date:date[DATE], oid:int[INT], oid:int[INT]]
  Map_NestedLoops(loop_0)
    IndexScan_Default(Index(test.orders.order_date[IndexColumn(order_date)]), order_date, cid, oid)
    Project_Default(Bound(0,Field(0)), Bound(0,Field(2)), o2.oid)
      IfEmpty_Default(NULL, NULL, NULL)
        Select_HKeyOrdered(o2.oid != Bound(0,Field(2)))
          IndexScan_Default(Index(test.orders.order_date[IndexColumn(order_date)]), order_date = o1.order_date, cid, oid)