PhysicalSelect[name:varchar(32)[VARCHAR]]
  Project_Default(customers.name)
    Filter_Default(customers - items)
      Flatten_HKeyOrdered(customers INNER items)
        AncestorLookup_Default(orders -> customers)
          BranchLookup_Default(Index(orders.order_date) -> orders)
            IndexScan_Default(Index(orders.order_date), order_date = DATE '2011-03-01')