PhysicalSelect[name:varchar(32)[VARCHAR], value:DATE]
  Map_NestedLoops
    Project_Default(Field(0), Field(1))
      Aggregation(GROUP BY 1 field, then: [maxDATE])
        Project_Default(Field(1), Field(2))
          AncestorLookup_Default(Index(test.orders.__akiban_fk_0[IndexColumn(cid)]) -> [test.orders])
            IndexScan_Default(Index(test.orders.__akiban_fk_0[IndexColumn(cid)]))
    Project_Default(Field(1), Bound(0,Field(1)))
      AncestorLookup_Default(Index(test.customers.PRIMARY[IndexColumn(cid)]) -> [test.customers])
        IndexScan_Default(Index(test.customers.PRIMARY[IndexColumn(cid)]) (>=UnboundExpressions[Bound(0,Field(0))],<=UnboundExpressions[Bound(0,Field(0))]))