PhysicalSelect[name:varchar(32)[VARCHAR], order_date:date[DATE]]
  project(Field(1), Field(4))
    Filter_Default([flatten(flatten(test.customers, test.orders), test.items)])
      Flatten_HKeyOrdered(flatten(test.customers, test.orders) INNER test.items)
        Flatten_HKeyOrdered(test.customers INNER test.orders)
          AncestorLookup_Default(test.orders -> [test.customers])
            Select_HKeyOrdered(Field(3) > 100)
              BranchLookup_Default(_akiban_customers Index(test.orders.order_date[IndexColumn(order_date)]) -> test.orders limit NO LIMIT)
                IndexScan_Default(Index(test.orders.order_date[IndexColumn(order_date)]) (,) (Field(0) DESC, Field(1) DESC, Field(2) DESC))