PhysicalUpdate
  Update_Default(Filter_Default(test.items) -> ExpressionRowUpdateFunction([null, null, null, Literal(66)]))
    Filter_Default(test.items)
      BranchLookup_Default(_akiban_customers Index(test.orders.order_date[IndexColumn(order_date)]) -> test.orders limit NO LIMIT)
        IndexScan_Default(Index(test.orders.order_date[IndexColumn(order_date)]) (>UnboundExpressions[Literal(2011-04-01)],<UnboundExpressions[Literal(NULL)]))