Update_Default(BranchLookup_Default(_akiban_customers Index(user.customers.name[IndexColumn(name)]) -> user.customers limit NO LIMIT) -> ExpressionRowUpdateFunction(ExpressionRow[, Literal(Smyth)]))
  BranchLookup_Default(_akiban_customers Index(user.customers.name[IndexColumn(name)]) -> user.customers limit NO LIMIT)
    IndexScan_Default(Index(user.customers.name[IndexColumn(name)]) (>=user.customers=ExpressionRow[Literal(Smith)],<=user.customers=ExpressionRow[Literal(Smith)]))