SelectQuery@771c9fcc
  ResultSet@783f472b[cid]
    Project@25995ba[customers.cid]
      Select@4774e78a[]
        MapJoin@7ea33d00(SEMI)
          Select@adb24[items.sku != customers.name]
            Flatten@2d15fd37(customers INNER orders INNER items)
              GroupScan@48b91881(Group(customers -> test._akiban_customers))
                TableSource@74b90ff7(customers - TableGroup@4848268a(customers))
                TableSource@27aa7aac(orders - TableGroupJoin@6ff7e273(Join(test/customers/cid/test/test.orders/cid: test.orders -> test.customers, group(customers))))
                TableSource@68c8a04(items - TableGroupJoin@7b342572(Join(test/orders/oid/test/test.items/oid: test.items -> test.orders, group(customers))))
          Select@4226c7da[]
            Flatten@efa0bf4(child)
              Select@1c869e8f[customers.name == child.name, child.pid == 1]
                GroupScan@4a13ccea(Group(parent -> test._akiban_parent))
                  TableSource@295bc68c(child - TableGroup@59f23ca4(parent))