MultiIndexIntersectScan@1991de1(compare 1
    skip 1: SingleIndexScan@178aae1(Index(user.addresses.state[IndexColumn(state)]), =MA)
    skip 1: SingleIndexScan@29d65b(Index(user.orders.order_date[IndexColumn(order_date)]), =2001-02-03)
    -> NONE, rows = 1, cost = 214.522)
MultiIndexIntersectScan@1f243d1(compare 1
    skip 1: SingleIndexScan@29d65b(Index(user.orders.order_date[IndexColumn(order_date)]), =2001-02-03)
    skip 1: SingleIndexScan@178aae1(Index(user.addresses.state[IndexColumn(state)]), =MA)
    -> NONE, rows = 1, cost = 214.522)