project([Field(1), Field(4), Field(7), Field(8)])
  Filter_Default([flatten(flatten(user.customers, user.orders), user.items)])
    Flatten_HKeyOrdered(flatten(user.customers, user.orders) INNER user.items)
      Flatten_HKeyOrdered(user.customers INNER user.orders)
        Select_HKeyOrdered(user.items, Field(2) < Literal(8888))
          Select_HKeyOrdered(user.items, Field(2) >= Literal(0))
            GroupScan_Default(full scan on _akiban_customers)
[name:varchar(32)[VARCHAR], order_date:date[DATE], sku:varchar(32)[VARCHAR], quan:int[INT]]
