SelectQuery@7266cc91
  ResultSet@3b007e44[cid, name, oid, cid, order_date, iid, oid, sku, quan, price]
    Project@1d61c09f[customers.cid, customers.name, orders.oid, orders.cid, orders.order_date, items.iid, items.oid, items.sku, items.quan, items.price]
      Select@7cad15ca[ANY(Subquery@4771c0b8)]
        JoinNode@7d2394ac(INNER[orders.oid == items.oid])
          JoinNode@2af5e863(INNER[customers.cid == orders.cid])
            TableSource@766bd19d(customers)
            TableSource@208ed728(orders)
          TableSource@62eff55a(items)

Subquery@4771c0b8
  Project@77d51a74[and(customers.name == parent.name,items.sku == child.name)]
    Select@47bbf322[]
      JoinNode@45761f9(INNER[parent.id == child.pid])
        TableSource@4e124a9(parent)
        TableSource@592dd5bf(child)