SelectQuery@6fd84de0
  ResultSet@61e0e67d[]
    Union@743c4abe
      ResultSet@224f3b90[_SQL_COL_1]
        Project@164d11cb[plus(1,0)]
          Select@1dcb31dd[]
            ExpressionsSource@736b373([[]])
      ResultSet@183f46b8[_SQL_COL_2]
        Project@623be677[cos(0)]
          Select@738253e2[]
            ExpressionsSource@715155ac([[]])