SelectQuery@101a0ae6
  ResultSet@6c86ed2e[name]
    Union@e3d9eac
      ResultSet@6f7c3581[name]
        Project@439ce155[Cast(parent.name AS MCOMPAT_ VARCHAR(256, UTF8, UCS_BINARY) NOT NULL)]
          Select@708db620[]
            TableSource@67b0289a(parent)
      ResultSet@5e39cba4[name]
        Project@2468ac50[Cast(customers.name AS MCOMPAT_ VARCHAR(256, UTF8, UCS_BINARY) NOT NULL)]
          Select@5408cadc[]
            TableSource@d3e5c9e(customers)