PhysicalSelect[cid:int]
  Project_Default(Field(0))
    Limit_Default(10)
      Sort_InsertionLimited(Field(1) ASC, Field(0) ASC, LIMIT 10, SUPPRESS DUPLICATES)
        Project_Default(customers.cid, customers.name)
          Filter_Default(customers - orders)
            Flatten_HKeyOrdered(customers INNER orders)
              Select_HKeyOrdered(orders.order_date > DATE '2000-01-01')
                GroupScan_Default(customers)