PhysicalSelect[name:varchar(32), order_date:date]
  Sort_General(Field(0) ASC, Field(1) ASC, SUPPRESS DUPLICATES)
    Project_Default(customers.name, orders.order_date)
      Filter_Default(customers - orders - items)
        Flatten_HKeyOrdered(customers - orders INNER items)
          Flatten_HKeyOrdered(customers INNER orders)
            GroupScan_Default(customers)