PhysicalSelect[name:varchar(32), order_date:date, sku:varchar(32), quan:int]
  Project_Default(customers.name, orders.order_date, items.sku, items.quan)
    Flatten_HKeyOrdered(customers - orders INNER items)
      Flatten_HKeyOrdered(customers INNER orders)
        GroupLookup_Default(Index(customers.sku_and_date) -> customers, orders, items)
          IndexScan_Default(Index(customers.sku_and_date), items.sku = '1234', orders.order_date BETWEEN DATE '2011-01-01' AND DATE '2011-06-30' ASC)
