PhysicalSelect[iid:int, oid:int, sku:varchar(32), quan:int]
  Map_NestedLoops(0)
    Distinct_Partial()
      Project_Default(i2.sku)
        IndexScan_Default(Index(customers.cname_and_sku), customers.name = 'Smith', items.sku)
    Project_Default(items.iid, items.oid, items.sku, items.quan)
      GroupLookup_Default(Index(items.sku) -> items)
        IndexScan_Default(Index(items.sku), sku = Bound(0, 0), orders.cid, oid, iid)
