PhysicalSelect@5c12e33d[name, _SQL_COL_1]
  Project_Default(Field(0), Field(1))
    Sort_General(Field(1) DESC)
      Aggregate_Partial(GROUP BY 1 field: COUNT)
        Project_Default(Field(1), 1)
          Filter_Default(test.customers - test.orders)
            Flatten_HKeyOrdered(test.customers INNER test.orders)
              GroupLookup_Default(Index(test.customers.name) -> test.customers, test.orders)
                IndexScan_Default(Index(test.customers.name), name ASC, cid)