BIND-MODULES ERROR: bind-modules includes non-Module: class com.foundationdb.server.service.servicemanager.configuration.yaml.SampleModules$NotAModule (at block 0 command 0) [com.foundationdb.server.service.servicemanager.configuration.yaml.SampleModules$GoodModule, com.foundationdb.server.service.servicemanager.configuration.yaml.SampleModules$NotAModule, com.foundationdb.server.service.servicemanager.configuration.yaml.SampleModules$ArgCtorModule, com.foundationdb.server.service.servicemanager.configuration.yaml.SampleModules$PrivateCtorModule]
BIND-MODULES ERROR: error during bind-modules command: java.lang.InstantiationException: com.foundationdb.server.service.servicemanager.configuration.yaml.SampleModules$ArgCtorModule (at block 0 command 0) [com.foundationdb.server.service.servicemanager.configuration.yaml.SampleModules$GoodModule, com.foundationdb.server.service.servicemanager.configuration.yaml.SampleModules$NotAModule, com.foundationdb.server.service.servicemanager.configuration.yaml.SampleModules$ArgCtorModule, com.foundationdb.server.service.servicemanager.configuration.yaml.SampleModules$PrivateCtorModule]
BIND-MODULES ERROR: error during bind-modules command: java.lang.IllegalAccessException: Class com.foundationdb.server.service.servicemanager.configuration.yaml.YamlConfiguration can not access a member of class com.foundationdb.server.service.servicemanager.configuration.yaml.SampleModules$PrivateCtorModule with modifiers "private" (at block 0 command 0) [com.foundationdb.server.service.servicemanager.configuration.yaml.SampleModules$GoodModule, com.foundationdb.server.service.servicemanager.configuration.yaml.SampleModules$NotAModule, com.foundationdb.server.service.servicemanager.configuration.yaml.SampleModules$ArgCtorModule, com.foundationdb.server.service.servicemanager.configuration.yaml.SampleModules$PrivateCtorModule]
BIND-MODULE class com.foundationdb.server.service.servicemanager.configuration.yaml.SampleModules$GoodModule
SECTION END