SelectQuery@3d015a9e
  ResultSet@23e45a5c[name, order_date, quan, sku]
    Project@64e8606c[customers.name, orders.order_date, items.quan, items.sku]
      Select@54128635[]
        Flatten@c292cb2(customers INNER orders INNER items)
          Select@6335605a[items.quan > 100]
            AncestorLookup@4548e798(items -> [customers, orders, items])
              SingleIndexScan@355ccfb1(Index(test.items.sku[IndexColumn(sku)]), NONE, ='1234', rows = 97, cost = 19502.9)
              TableSource@377f4fbb(customers - TableGroup@604788d5(customers))
              TableSource@74b9a74(orders - TableGroupJoin@78688954(Join(test/customers/cid/test/test.orders/cid: test.orders -> test.customers, group(test.customers))))
              TableSource@74893969(items - TableGroupJoin@1710278e(Join(test/orders/oid/test/test.items/oid: test.items -> test.orders, group(test.customers))))
