SelectQuery@10d78ec
  ResultSet@17df472[cid, name, oid, cid, order_date, oid, cid, order_date]
    Project@3b9a5f[user.customers.cid, user.customers.name, user.orders.oid, user.orders.cid, user.orders.order_date, user.orders.oid, user.orders.cid, user.orders.order_date]
      Select@113dd59[]
        JoinNode@12929b2(INNER)
          TableJoins@1706ad7(TableGroup@67a232(customers))
            JoinNode@17667bd(INNER/GROUP[user.orders.cid == user.customers.cid] - TableGroupJoin@94d313(Join(user/customers/cid/user/user.orders/cid: user.orders -> user.customers, group(customers))))
              TableSource@422510(user.customers - TableGroup@67a232(customers))
              TableSource@8f5944(user.orders - TableGroupJoin@94d313(Join(user/customers/cid/user/user.orders/cid: user.orders -> user.customers, group(customers))))
          TableJoins@ad9f5d(TableGroup@1c98c1b(customers))
            TableSource@12d9844(user.orders - TableGroup@1c98c1b(customers))