SelectQuery@594ab51b
  ResultSet@37b82d69[name, _SQL_COL_1]
    Project@1cad6513[customers.name, Subquery@3bc6d11a]
      Select@79ca209e[]
        TableGroupJoinTree@5bf0cf51(TableGroup@1ebafdff(customers), customers)
          TableSource@4523a389(customers - TableGroup@1ebafdff(customers))

Subquery@3bc6d11a
  ResultSet@773829d5[_SQL_COL_2]
    Project@8429c19[COUNT(*)]
      Select@4d16318b[]
        AggregateSource@6c0ec436(UNGROUPED,[])
          Select@3d73eca6[orders.cid == customers.cid]
            TableGroupJoinTree@679801c(TableGroup@1ebafdff(customers), orders INNER items)
              TableSource@5898bbf6(orders - TableGroup@1ebafdff(customers))
                TableSource@135c40eb(items - TableGroupJoin@12c9b196(Join(test/orders/oid/test/test.items/oid: test.items -> test.orders, group(test.customers))))
