SelectQuery@5502abdb
  ResultSet@2260e277[name, order_date, sku, quan]
    Project@6b40443[user.customers.name, user.orders.order_date, user.items.sku, user.items.quan]
      Select@1483ce25[user.orders.order_date > Cast(2011-01-01 AS DATE NOT NULL)]
        TableJoins@5952e9a8(TableGroup@526a4268(customers))
          JoinNode@3e2de41d(RIGHT/GROUP[user.orders.cid == user.customers.cid] - TableGroupJoin@36db4bcf(Join(user/customers/cid/user/user.orders/cid: user.orders -> user.customers, group(customers))))
            TableSource@649e4dc0(user.customers - TableGroup@526a4268(customers))
            JoinNode@774e1f2b(INNER/GROUP[user.items.oid == user.orders.oid] - TableGroupJoin@29e07d3e(Join(user/orders/oid/user/user.items/oid: user.items -> user.orders, group(customers))))
              TableSource@4a6a00ca(user.orders - TableGroupJoin@36db4bcf(Join(user/customers/cid/user/user.orders/cid: user.orders -> user.customers, group(customers))))
              TableSource@7559f3f0(user.items - TableGroupJoin@29e07d3e(Join(user/orders/oid/user/user.items/oid: user.items -> user.orders, group(customers))))
