project([Field(1), Field(4), Field(7), Field(8)])
  Flatten_HKeyOrdered(flatten(user.customers, user.orders) LEFT user.items)
    Flatten_HKeyOrdered(user.customers INNER user.orders)
      AncestorLookup_Default(Index(.customers.sku_and_date[IndexColumn(sku), IndexColumn(order_date)]) -> [user.customers, user.orders, user.items])
        IndexScan_Default(Index(.customers.sku_and_date[IndexColumn(sku), IndexColumn(order_date)]) (,) INNER JOIN thru orders, then LEFT)
[name:varchar(32)[VARCHAR], order_date:date[DATE], sku:varchar(32)[VARCHAR], quan:int[INT]]
