SelectQuery@133c4539
  ResultSet@59e4ab0c[name, name, serial_number]
    Project@3399ceef[zoo.name, mother.name, animal.serial_number]
      Select@36e0c760[]
        JoinNode@3798d24d(INNER/NESTED_LOOPS[animal.description == Lizard, zoo.id == animal.zoo_id, mother.id == animal.mother_id])
          TableGroupJoinTree@309ac35b(TableGroup@39dc44b6(animal), animal - GroupScan@1216d9bf(Group(test.animal), rows = 1, cost = 1.82000))
            TableSource@616fc39b(animal - TableGroup@39dc44b6(animal))
          JoinNode@6cacff32(INNER/NESTED_LOOPS)
            TableGroupJoinTree@68cefc31(TableGroup@4b3d2eb(parent), mother - SingleIndexScan@51a6635b(Index(test.parent.name[IndexColumn(name)]), covering/NONE, rows = 1, cost = 7.17100))
              TableSource@5eaeecf0(mother - TableGroup@7c29a8c3(parent))
            TableGroupJoinTree@7e7eb4f6(TableGroup@6ca21395(zoo), zoo - GroupScan@58f59add(Group(test.zoo), rows = 1, cost = 1.00000))
              TableSource@6156255c(zoo - TableGroup@6ca21395(zoo))
