SelectQuery@68760f85
  ResultSet@1ef51a57[name]
    Project@6d9455a1[mammal.name]
      Select@2581f53b[mammal.pregnant == 1, isNull(domesticanimal.mammal)]
        JoinNode@3c162fb3(LEFT/NESTED_LOOPS)
          JoinNode@5495af96(LEFT/NESTED_LOOPS)
            TableGroupJoinTree@53c1a5aa(TableGroup@2f3acc3c(mammal), mammal - GroupScan@3d368f5d(Group(test.mammal), rows = 1, cost = 2.64000))
              TableSource@5515dfdb(mammal - TableFKJoin@1440081c(Foreign Key fk_animal_m: test.mammal REFERENCES test.animal))
            TableGroupJoinTree@1d255cbf(TableGroup@77d470a6(domesticanimal), domesticanimal - SingleIndexScan@1c2fdfc0(Index(test.domesticanimal.PRIMARY[IndexColumn(mammal)]), covering/NONE, =mammal.animal, rows = 1, cost = 5.89280))
              TableSource@63398431(domesticanimal - TableFKJoin@b0ac4b5(Foreign Key fk_mammal_d: test.domesticanimal REFERENCES test.mammal))
          TableGroupJoinTree@7fec0e8b(TableGroup@6ff84cbc(dog), dog - SingleIndexScan@16760412(Index(test.dog.PRIMARY[IndexColumn(mammal)]), covering/NONE, =mammal.animal, rows = 1, cost = 5.89280))
            TableSource@6a927ee6(dog - TableFKJoin@1e054543(Foreign Key dog_fkey: test.dog REFERENCES test.domesticanimal))