SelectQuery@7ae8b08
  ResultSet@5429be28[col_0_0_, col_1_0_]
    Project@835f43[human0_.mammal, human0_2_.description]
      Select@30e327f8[]
        JoinNode@2d0e4d9(INNER/NESTED_LOOPS[human0_.mammal == human0_2_.id])
          TableGroupJoinTree@33bf31fe(TableGroup@393f4ebd(animal), human0_2_ - GroupScan@60606400(Group(test.animal), rows = 1, cost = 1.00000))
            TableSource@3d93bdb5(human0_2_ - TableGroup@393f4ebd(animal))
          JoinNode@375cf2be(SEMI/NESTED_LOOPS[human0_.mammal == human3_.mammal])
            JoinNode@3744b457(LEFT/NESTED_LOOPS[friends1_.human1 == human0_.mammal])
              JoinNode@7f9bd819(INNER/NESTED_LOOPS)
                TableGroupJoinTree@7007ef9a(TableGroup@33b9df(human), human0_ - SingleIndexScan@508892c2(Index(test.human.PRIMARY[IndexColumn(mammal)]), covering/NONE, rows = 1, cost = 5.89280))
                  TableSource@2828afbb(human0_ - TableFKJoin@365b27dc(Foreign Key fk_mammal: test.human REFERENCES test.mammal))
                TableGroupJoinTree@1903a0ec(TableGroup@43efdf93(mammal), human0_1_ - SingleIndexScan@1a95f865(Index(test.mammal.PRIMARY[IndexColumn(animal)]), covering/NONE, =human0_.mammal, rows = 1, cost = 5.89280))
                  TableSource@7293296(human0_1_ - TableFKJoin@6be6bc85(Foreign Key fk_animal_m: test.mammal REFERENCES test.animal))
              JoinNode@7962f71a(LEFT/NESTED_LOOPS[friends1_.human2 == human2_.mammal])
                TableGroupJoinTree@3d39f2c8(TableGroup@504d0a38(human_friends), friends1_ - GroupScan@71da0bb7(Group(test.human_friends), rows = 1, cost = 0.00000))
                  TableSource@2e8bd5a8(friends1_ - TableFKJoin@223755c6(Foreign Key fk_friend1: test.human_friends REFERENCES test.human))
                JoinNode@5ee04bb6(LEFT/NESTED_LOOPS)
                  JoinNode@578aca63(LEFT/NESTED_LOOPS)
                    TableGroupJoinTree@277247df(TableGroup@58ed567b(human), human2_ - SingleIndexScan@45c8d2d9(Index(test.human.PRIMARY[IndexColumn(mammal)]), covering/NONE, rows = 1, cost = 5.89280))
                      TableSource@5e782077(human2_ - TableFKJoin@38ac85a(Foreign Key fk_mammal: test.human REFERENCES test.mammal))
                    TableGroupJoinTree@3fcc95b4(TableGroup@c678e87(mammal), human2_1_ - SingleIndexScan@62be476d(Index(test.mammal.PRIMARY[IndexColumn(animal)]), covering/NONE, =human2_.mammal, rows = 1, cost = 5.89280))
                      TableSource@209b9515(human2_1_ - TableFKJoin@3a4377c0(Foreign Key fk_animal_m: test.mammal REFERENCES test.animal))
                  TableGroupJoinTree@10787d25(TableGroup@236afc22(animal), human2_2_ - SingleIndexScan@44cf2e58(Index(test.animal.PRIMARY[IndexColumn(id)]), covering/NONE, =human2_.mammal, rows = 1, cost = 5.89280))
                    TableSource@4658a66c(human2_2_ - TableGroup@236afc22(animal))
            JoinNode@7debb6b2(INNER/NESTED_LOOPS[human3_.mammal == human3_2_.id])
              TableGroupJoinTree@60aa91df(TableGroup@63ed5b13(animal), human3_2_ - SingleIndexScan@7e27a0b3(Index(test.animal.PRIMARY[IndexColumn(id)]), covering/NONE, =1, rows = 1, cost = 5.89280))
                TableSource@5d511019(human3_2_ - TableGroup@63ed5b13(animal))
              JoinNode@480136e5(INNER/NESTED_LOOPS[human3_1_.animal == human3_.mammal])
                TableGroupJoinTree@3a0b1dd4(TableGroup@65f5abf8(mammal), human3_1_ - SingleIndexScan@47bb1951(Index(test.mammal.PRIMARY[IndexColumn(animal)]), covering/NONE, =1, rows = 1, cost = 5.89280))
                  TableSource@36b1f514(human3_1_ - TableFKJoin@4c7b39a1(Foreign Key fk_animal_m: test.mammal REFERENCES test.animal))
                JoinNode@2e04a041(LEFT/NESTED_LOOPS[friends4_.human1 == human3_.mammal])
                  TableGroupJoinTree@12c0f4da(TableGroup@6b4a77a7(human), human3_ - SingleIndexScan@31b52301(Index(test.human.PRIMARY[IndexColumn(mammal)]), covering/NONE, =1, rows = 1, cost = 5.89280))
                    TableSource@66162088(human3_ - TableFKJoin@6b0d3025(Foreign Key fk_mammal: test.human REFERENCES test.mammal))
                  JoinNode@2ed4040b(LEFT/NESTED_LOOPS[friends4_.human2 == human5_.mammal])
                    TableGroupJoinTree@2fd36711(TableGroup@61558631(human_friends), friends4_ - GroupScan@35dd2ce3(Group(test.human_friends), rows = 1, cost = 0.820000))
                      TableSource@74f8092b(friends4_ - TableFKJoin@4bae06b5(Foreign Key fk_friend1: test.human_friends REFERENCES test.human))
                    JoinNode@e3a7be4(LEFT/NESTED_LOOPS)
                      JoinNode@219bbd08(LEFT/NESTED_LOOPS)
                        TableGroupJoinTree@29de5959(TableGroup@77976974(human), human5_ - SingleIndexScan@758c7c02(Index(test.human.PRIMARY[IndexColumn(mammal)]), covering/NONE, rows = 1, cost = 6.71280))
                          TableSource@4822220b(human5_ - TableFKJoin@5a21a398(Foreign Key fk_mammal: test.human REFERENCES test.mammal))
                        TableGroupJoinTree@107824f9(TableGroup@567b7e62(mammal), human5_1_ - SingleIndexScan@45a68049(Index(test.mammal.PRIMARY[IndexColumn(animal)]), covering/NONE, =human5_.mammal, rows = 1, cost = 6.71280))
                          TableSource@38e9252c(human5_1_ - TableFKJoin@36305c58(Foreign Key fk_animal_m: test.mammal REFERENCES test.animal))
                      TableGroupJoinTree@33cbcd7b(TableGroup@20feb133(animal), human5_2_ - SingleIndexScan@31239c31(Index(test.animal.PRIMARY[IndexColumn(id)]), covering/NONE, =human5_.mammal, rows = 1, cost = 6.71280))
                        TableSource@528788e4(human5_2_ - TableGroup@20feb133(animal))
