Flatten_HKeyOrdered(flatten(user.customers, user.orders) INNER user.items)
  Flatten_HKeyOrdered(user.customers INNER user.orders)
    AncestorLookup_Default(Index(.customers.cname_and_sku[IndexColumn(name), IndexColumn(sku)]) -> [user.customers, user.orders, user.items]
      IndexScan_Default(null (>=null=ExpressionRow[Literal(Smith), Literal(1234)],<=null=ExpressionRow[Literal(Smith), Literal(1234)]))