PhysicalSelect[name:varchar(32)[VARCHAR], quan:int[INT]]
  Project_Default(Field(1), Field(8))
    Sort_Tree(flatten(flatten(test.customers, test.orders), test.items))
      Filter_Default(flatten(flatten(test.customers, test.orders), test.items))
        Flatten_HKeyOrdered(flatten(test.customers, test.orders) INNER test.items)
          Flatten_HKeyOrdered(test.customers INNER test.orders)
            BranchLookup_Default(_akiban_customers test.customers -> test.orders limit NO LIMIT)
              AncestorLookup_Default(Index(test.addresses.state[IndexColumn(state)]) -> [test.customers])
                IndexScan_Default(Index(test.addresses.state[IndexColumn(state)]) (>=UnboundExpressions[Literal(MA)],<=UnboundExpressions[Literal(MA)]))