PhysicalSelect[name:varchar(32)[VARCHAR]]
  project([Field(0)])
    Select_HKeyOrdered(Index(.customers.cname_and_state[IndexColumn(name), IndexColumn(state)]), IsNull(Field(1)))
      IndexScan_Default(Index(.customers.cname_and_state[IndexColumn(name), IndexColumn(state)]) (>UnboundExpressions[Literal(M)],<UnboundExpressions[Literal(NULL)]) INNER JOIN thru customers, then LEFT)