PhysicalSelect[order_date:date[DATE], sku:varchar(32)[VARCHAR], quan:int[INT]]
  Map_NestedLoops
    ValuesScan_Default(ImmutableRow[1234], ImmutableRow[4567], ImmutableRow[6666])
    Project_Default(Field(2), Field(5), Field(6))
      Flatten_HKeyOrdered(test.orders INNER test.items)
        AncestorLookup_Default(Index(.customers.cname_and_sku[IndexColumn(name), IndexColumn(sku)]) -> [test.orders, test.items])
          IndexScan_Default(Index(.customers.cname_and_sku[IndexColumn(name), IndexColumn(sku)]) (>=UnboundExpressions[Literal(Smith), Bound(0,Field(0))],<=UnboundExpressions[Literal(Smith), Bound(0,Field(0))]))