PhysicalSelect[name:varchar(32)[VARCHAR], order_date:date[DATE]]
  Limit_Default(2)
    Sort_InsertionLimited(PROJECT[0] ASC, PROJECT[1] ASC, LIMIT 2, SUPPRESS_DUPLICATES)
      Project_Default(customers.name, orders.order_date)
        Filter_Default(test.customers - test.orders - test.items)
          Flatten_HKeyOrdered(test.customers - test.orders INNER test.items)
            Flatten_HKeyOrdered(test.customers INNER test.orders)
              GroupScan_Default(full scan on _akiban_customers)