SelectQuery@707ec305
  ResultSet@1235b6f6[sku]
    Project@47ed9d1[items.sku]
      Select@240e2aa5[]
        JoinNode@2d8525da(INNER/NESTED_LOOPS)
          TableGroupJoinTree@1c5c700a(TableGroup@78228f(customers), items - SingleIndexScan@4f24da86(Index(test.items.sku[IndexColumn(sku)]), covering/SORTED, rows = 20000, cost = 15241.5))
            TableSource@123f99a9(items - TableGroup@78228f(customers))
          TableGroupJoinTree@d812f9b(TableGroup@7c86bc01(categories), categories - SingleIndexScan@71a12585(Index(test.categories.cat_sku[IndexColumn(cat), IndexColumn(sku)]), covering/NONE, =2, =items.sku, rows = 1, cost = 85.1750))
            TableSource@72c5b63d(categories - TableGroup@7c86bc01(categories))