SelectQuery@3c942fb4
  ResultSet@24c7f17e[cid, oid, name, order_date, iid, sku, quan, aid, state, city]
    Project@42bf9a0f[customers.cid, orders.oid, customers.name, orders.order_date, items.iid, items.sku, items.quan, addresses.aid, addresses.state, addresses.city]
      Select@311b7105[]
        TableGroupJoinTree@991873(TableGroup@160d3313(customers), customers INNER addresses INNER orders INNER items - FullTextScan@1dd89e7d(customers - [MUST(MATCH(addresses.state, MA)), MUST(MATCH(items.sku, 1234))]))
          TableSource@44d38b97(customers - TableGroup@160d3313(customers))
            TableSource@27072035(addresses - TableGroupJoin@788d2fd9(Join(test/customers/cid/test/test.addresses/cid: test.addresses -> test.customers, group(test.customers))))
            TableSource@1c7189ce(orders - TableGroupJoin@7d408d63(Join(test/customers/cid/test/test.orders/cid: test.orders -> test.customers, group(test.customers))))
              TableSource@620e41f8(items - TableGroupJoin@19029ed3(Join(test/orders/oid/test/test.items/oid: test.items -> test.orders, group(test.customers))))