SelectQuery@2638e821
  ResultSet@620fe221[order_date, sku, quan]
    Project@c716d3[orders.order_date, items.sku, items.quan]
      Select@eab770b[]
        TableGroupJoinTree@d248765(TableGroup@6a5181db(customers), customers INNER orders INNER items - SingleIndexScan@6745f28e(Index(test.customers.cname_and_sku[IndexColumn(name), IndexColumn(sku)]), NONE, =Smith, UNIONs of [% = 1234, % = 4567, % = 6666], rows = 3, cost = 328.762))
          TableSource@d93f836(customers - TableGroup@6a5181db(customers))
            TableSource@39c65b4c(orders - TableGroupJoin@21377d9a(Join(test/customers/cid/test/test.orders/cid: test.orders -> test.customers, group(test.customers))))
              TableSource@3fe49c21(items - TableGroupJoin@42171a7f(Join(test/orders/oid/test/test.items/oid: test.items -> test.orders, group(test.customers))))