SelectQuery@6d0352b3
  ResultSet@752a9dae[sku]
    Project@40d6469a[items.sku]
      Sort@13bd3d4c[items.sku]
        Select@33b549b7[]
          JoinNode@1b159a6b(INNER/NESTED_LOOPS)
            ExpressionsSource@3da7d9ec([[Adams], [Jones], [Smith]])
            TableGroupJoinTree@53097c43(TableGroup@23e414ad(customers), customers INNER orders INNER items - SingleIndexScan@274cf4b1(Index(test.customers.cname_and_sku[IndexColumn(name), IndexColumn(sku)]), covering/NONE, =VALUES[0], rows = 177, cost = 2866.82))
              TableSource@64955362(customers - TableGroup@23e414ad(customers))
                TableSource@7957a85(orders - TableGroupJoin@2d54a49f(Join(test/customers/cid/test/test.orders/cid: test.orders -> test.customers, group(test.customers))))
                  TableSource@669eb5a6(items - TableGroupJoin@1003d9f9(Join(test/orders/oid/test/test.items/oid: test.items -> test.orders, group(test.customers))))
