SelectQuery@3f160037
  ResultSet@3d683b3c[order_date]
    Project@608ffa3[orders.order_date]
      Select@38c7296d[or(EXISTS(Subquery@1b70d03a),orders.order_date == Cast(0000-00-00 AS MCOMPAT_ DATE))]
        SingleIndexScan@24f8d943(Index(test.orders.order_date[IndexColumn(order_date)]), covering/NONE, rows = 1000, cost = 1522.78)

Subquery@1b70d03a
  MapJoin@78e551cb()
    Select@175d246f[]
      Flatten@3d85fdbe(items)
        Select@398f573b[items.sku == 1234]
          BranchLookup@27d5e480(orders -> items)
            GroupLoopScan@262b58c9(orders - items, rows = 1, cost = 56.8420)
            TableSource@50201a40(items - TableGroup@fb5449d(customers))
    Select@1a731362[]
      Select@6402ff64[]
        Flatten@4b8ca3ee(child)
          Select@71a80002[child.name != Astro]
            AncestorLookup@7e5e8501(child -> [child])
              SingleIndexScan@4925069a(Index(test.child.PRIMARY[IndexColumn(id)]), NONE, =items.iid, rows = 1, cost = 16.0882)
              TableSource@6b9b88d8(child - TableGroup@12da22e9(parent))