SelectQuery@408823ec
  ResultSet@29ee7c0d[order_date, name]
    MapJoin@6641e0e4()
      Select@6f13cd2e[]
        Flatten@e9c44ea(customers INNER orders)
          Select@7d03bffa[orders.order_date > Cast(2011-01-01 AS MCOMPAT_ DATE)]
            AncestorLookup@130f635(items -> [customers, orders])
              SingleIndexScan@3574122f(Index(test.items.sku[IndexColumn(sku)]), NONE, =1234, rows = 82, cost = 10107.9)
              TableSource@5b2d328b(customers - TableGroup@65437474(customers))
              TableSource@2d6948d7(orders - TableGroupJoin@5755e713(Join(test/customers/cid/test/test.orders/cid: test.orders -> test.customers, group(test.customers))))
      Project@68124efc[orders.order_date, child.name]
        Select@9ffb7c5[]
          Select@48b5bd30[]
            Flatten@35706624(child)
              Select@1397bf9b[child.name != Smith]
                BranchLookup@4fa46329(parent -> parent)
                  SingleIndexScan@316a4198(Index(test.parent.name[IndexColumn(name)]), NONE, =customers.name, rows = 10, cost = 451.331)
                  TableSource@f3052b9(child - TableGroupJoin@36f87b80(Join(test/parent/id/test/test.child/pid: test.child -> test.parent, group(test.parent))))