PhysicalSelect[cid:int, _SQL_COL_1:bigint]
  Project_Default(customers.cid, VALUE(SUBQUERY 1))
    IndexScan_Default(Index(customers.PRIMARY), cid)
  SUBQUERY 1: VALUE(Field(0))
    Sort_General(Field(0) ASC, SUPPRESS DUPLICATES)
      Project_Default(orders.oid + 1)
        Filter_Default(orders)
          BranchLookup_Nested(Index(customers.PRIMARY) -> orders (via customers))