SelectQuery@2f8a49e0
  ResultSet@7d95d4fe[order_date, _SQL_COL_1]
    Project@77d2b01b[GROUP[0], divide(GROUP[1],GROUP[2])]
      Select@5d6d2633[]
        AggregateSource@28e70e30([orders.order_date],[SUM(items.quan), COUNT(items.quan)])
          Select@5954864a[items.sku == $0]
            JoinNode@3c3c9217(INNER[orders.oid == items.oid])
              TableSource@7471dc3d(items)
              TableSource@df4cbee(orders)
