SelectQuery@42787d6a
  ResultSet@d3f136e[order_date, _SQL_COL_1, _SQL_COL_2]
    Project@2814a18d[GROUP[0], GROUP[1], GROUP[2]]
      Select@5f326484[]
        AggregateSource@656546ef([orders.order_date],[MAX(items.quan), MIN(items.quan)])
          Select@5c1428ea[]
            JoinNode@2f8a49e0(INNER[orders.oid == items.oid])
              TableSource@2e297ffb(items)
              TableSource@148238f4(orders)
