SelectQuery@2a114025
  ResultSet@4af429d7[name, _SQL_COL_1]
    Project@63e708b2[user.customers.name, MIN(user.orders.order_date)]
      Filter@773c550f[]
        AggregateSource@19f488f1(PRESORTED,[user.customers.name],[])
          Filter@54a9387[]
            Flatten@2825491d
              BranchLookup@631b86c7(user.customers -> user.customers)
                IndexScan@242da5a6(Index(user.customers.name[IndexColumn(name)]), GROUPED)
              JoinNode@56cb07ef(INNER_JOIN[])
                TableSource@4bd27069(user.customers - TableGroup@52234265(customers))
                TableSource@64d22462(user.orders - TableGroupJoin@2b76086d(Join(user/customers/cid/user/user.orders/cid: user.orders -> user.customers, group(customers))))