PhysicalUpdate@64e8606c
  Insert_Default(project to table user.child ([Literal(NULL), Field(0), Field(1)]))
    project to table user.child ([Literal(NULL), Field(0), Field(1)])
      Select_HKeyOrdered(user.parent, Field(1) != Literal(IGNORE))
        Filter_Default([user.parent])
          GroupScan_Default(full scan on _akiban_parent)
