PhysicalUpdate@3b58f1fa
  Update_Default(AncestorLookup_Default(Index(user.items.sku[IndexColumn(sku)]) -> [user.items]) -> ExpressionRowUpdateFunction([null, null, Literal(ABCX), null, null]))
    AncestorLookup_Default(Index(user.items.sku[IndexColumn(sku)]) -> [user.items])
      IndexScan_Default(Index(user.items.sku[IndexColumn(sku)]) (>=UnboundExpressions[Literal(ABCD)],<=UnboundExpressions[Literal(ABCD)]))