SelectQuery@820a2c
  ResultSet@5969cef6[id, s, id, s, id, s]
    MapJoin@4f3a08f9()
      Flatten@4a3f1b3f(t3)
        GroupScan@6b233c11(Group(test.t3), rows = 1, cost = 0.00000)
          TableSource@2532a48d(t3 - TableGroup@563cb70a(t3))
      Project@3192a656[t1.id, t1.s, t2.id, t2.s, t3.id, t3.s]
        Select@12e67187[]
          NullIfEmpty@2c151dc1
            UsingHashTable@1e548083(HashTable@3dc12803)
              Flatten@7515eb2d(t2)
                GroupScan@5429fca1(Group(test.t2), rows = 1, cost = 0.00000)
                  TableSource@1fd1380f(t2 - TableGroup@1088d932(t2))
              MapJoin@86b6a19()
                Flatten@72031368(t1)
                  GroupScan@440293a0(Group(test.t1), rows = 1, cost = 0.00000)
                    TableSource@60b7711a(t1 - TableGroup@52a1042(t1))
                Select@c915fb4[t3.id == t2.id]
                  Project@1c2228de[t1.id, t2.id, t1.s, t2.s]
                    NullIfEmpty@6a91540
                      HashTableLookup@46b2202a(HashTable@3dc12803, [t1.id])
                        Flatten@27ef4b52(t2)
                          AncestorLookup@585dc9a8(t2 -> [t2])
                            ExpressionsHKeyScan@756261ea(TableSource@1fd1380f(t2 - TableGroup@1088d932(t2)), t1.id, rows = 1, cost = 6.95200)
                            TableSource@1fd1380f(t2 - TableGroup@1088d932(t2))