SelectQuery@2fa6805b
  ResultSet@5c34eecd[id, s, id, s, id, s]
    MapJoin@2c2a6497()
      Flatten@35b3a67a(t3)
        GroupScan@13320c28(Group(test.t3), rows = 1, cost = 0.00000)
          TableSource@78917aa4(t3 - TableGroup@3abc1ff0(t3))
      Project@172a0406[t1.id, t1.s, t2.id, t2.s, t3.id, t3.s]
        Select@476e31cb[]
          NullIfEmpty@14d4e3b0
            UsingHashTable@24b0427f(HashTable@2fddb2aa)
              Flatten@2576af21(t2)
                GroupScan@3fccf73(Group(test.t2), rows = 1, cost = 0.00000)
                  TableSource@170ae2d3(t2 - TableGroup@4a978910(t2))
              MapJoin@22a79fb2()
                Flatten@12e3b2be(t1)
                  GroupScan@2ae570e4(Group(test.t1), rows = 1, cost = 0.00000)
                    TableSource@4bb19676(t1 - TableGroup@3d569ebc(t1))
                Select@1cf681a[t3.id == t2.id]
                  Project@57bb83e3[t1.id, t2.id, t1.s, t2.s]
                    HashTableLookup@57cfd914(HashTable@2fddb2aa, [t1.id])
                      Flatten@22ebe1a2(t2)
                        AncestorLookup@eb4dd16(t2 -> [t2])
                          ExpressionsHKeyScan@41ed6e5(TableSource@170ae2d3(t2 - TableGroup@4a978910(t2)), t1.id, rows = 1, cost = 6.95200)
                          TableSource@170ae2d3(t2 - TableGroup@4a978910(t2))