SelectQuery@585fda2e
  ResultSet@7ced2f55[id, s, id, s, id, s]
    MapJoin@124d26aa()
      Flatten@16f3ef68(t1)
        GroupScan@7256c49(Group(test.t1), rows = 1, cost = 0.00000)
          TableSource@53595e69(t1 - TableGroup@29e83049(t1))
      Project@37beb586[t1.id, t1.s, t2.id, t2.s, t3.id, t3.s]
        Select@497f8d01[]
          NullIfEmpty@4aba1e1d
            UsingHashTable@10f283f(HashTable@a1b40a4)
              Flatten@68eaa09d(t3)
                GroupScan@330d42b(Group(test.t3), rows = 1, cost = 0.00000)
                  TableSource@22cac9ed(t3 - TableGroup@7ab954af(t3))
              MapJoin@1d66ec1b()
                Flatten@3d6d93b(t2)
                  GroupScan@5016efb1(Group(test.t2), rows = 1, cost = 0.00000)
                    TableSource@2f8ef873(t2 - TableGroup@11d2768b(t2))
                Select@1064a8d1[t2.id == t1.id]
                  Project@408739bf[t2.id, t2.s, t3.id, t3.s]
                    HashTableLookup@6de04bb1(HashTable@a1b40a4, [t2.id])
                      Flatten@e4fb275(t3)
                        AncestorLookup@208989d2(t3 -> [t3])
                          ExpressionsHKeyScan@25b74aae(TableSource@22cac9ed(t3 - TableGroup@7ab954af(t3)), t2.id, rows = 1, cost = 6.95200)
                          TableSource@22cac9ed(t3 - TableGroup@7ab954af(t3))