SelectQuery@72113491
  ResultSet@47925618[id, s, id, s, id, s]
    MapJoin@62a20728()
      Flatten@3bdf8ac6(t1)
        GroupScan@7b8405ae(Group(test.t1), rows = 1, cost = 0.00000)
          TableSource@73c8cb12(t1 - TableGroup@38c4621(t1))
      UsingHashTable@189121dc(HashTable@6045ff1d)
        Flatten@510febdf(t3)
          GroupScan@136ffa4c(Group(test.t3), rows = 1, cost = 0.00000)
            TableSource@448298ff(t3 - TableGroup@4efef7fc(t3))
        MapJoin@1c999d8c()
          Flatten@6c46a70c(t2)
            GroupScan@293660ff(Group(test.t2), rows = 1, cost = 0.00000)
              TableSource@5a0ab07c(t2 - TableGroup@6e502258(t2))
          Project@5852665d[t1.id, t1.s, t2.id, t2.s, t3.id, t3.s]
            Select@9be90f8[]
              Select@311a1a7c[t2.id == t1.id]
                HashTableLookup@28c0dc13(HashTable@6045ff1d, [t2.id])
                  Flatten@12813c5d(t3)
                    AncestorLookup@db0784c(t3 -> [t3])
                      ExpressionsHKeyScan@3ca9cc99(TableSource@448298ff(t3 - TableGroup@4efef7fc(t3)), t2.id, rows = 1, cost = 6.95200)
                      TableSource@448298ff(t3 - TableGroup@4efef7fc(t3))