SelectQuery@22f20874
  ResultSet@40090998[order_date, name]
    UsingHashTable@41e82607(HashTable@7018b75e)
      Flatten@20d056b9(parent INNER child)
        BranchLookup@66aeb5d0(parent -> parent)
          SingleIndexScan@58229f5a(Index(test.parent.name[IndexColumn(name)]), NONE, UNIONs of [% = Jones, % = Smith], rows = 1700, cost = 149538)
          TableSource@2257ba1c(parent - TableGroup@490bfaea(parent))
          TableSource@315ea51d(child - TableGroupJoin@31863e1d(Join(test/parent/id/test/test.child/pid: test.child -> test.parent, group(test.parent))))
      MapJoin@6457fb51()
        Flatten@4ded9c83(customers INNER orders)
          GroupScan@4c34b64e(Group(test.customers), rows = 1000, cost = 60531.0)
            TableSource@cacfe1b(customers - TableGroup@18ace1f8(customers))
            TableSource@2d7b95e1(orders - TableGroupJoin@7e276d6f(Join(test/customers/cid/test/test.orders/cid: test.orders -> test.customers, group(test.customers))))
        Project@1154fb00[orders.order_date, child.name]
          Select@622ac5e3[]
            NullIfEmpty@4e81d31d
              HashTableLookup@2d4b3d2f(HashTable@7018b75e, [customers.name])
                Flatten@2abe846d(parent INNER child)
                  BranchLookup@269defe4(parent -> parent)
                    SingleIndexScan@4af0758a(Index(test.parent.name[IndexColumn(name)]), NONE, =customers.name, rows = 10, cost = 885.731)
                    TableSource@2257ba1c(parent - TableGroup@490bfaea(parent))
                    TableSource@315ea51d(child - TableGroupJoin@31863e1d(Join(test/parent/id/test/test.child/pid: test.child -> test.parent, group(test.parent))))