SelectQuery@19b808a
  ResultSet@140fee[order_date, name]
    MapJoin@16b321b()
      Flatten@2a077792(parent INNER child)
        GroupScan@7dca5bdd(Group(parent -> test._akiban_parent))
          TableSource@22bbe161(parent - TableGroup@3f96c498(parent))
          TableSource@57803780(child - TableGroupJoin@70554aaf(Join(test/parent/id/test/test.child/pid: test.child -> test.parent, group(parent))))
      Project@34114882[orders.order_date, child.name]
        Select@5aaf6982[]
          Flatten@503b27cc(orders)
            BranchLookup@6f9a60c6(customers -> customers)
              SingleIndexScan@47a068(Index(test.customers.name[IndexColumn(name)]), NONE, =parent.name, rows = 10, cost = 598.894)
              TableSource@7e5d76c(orders - TableGroupJoin@5e740bfc(Join(test/customers/cid/test/test.orders/cid: test.orders -> test.customers, group(customers))))
