PhysicalSelect@bd056de[name, order_date, state]
  Project_Default(Field(1), Field(8), Field(4))
    Map_NestedLoops(0)
      Filter_Default(test.customers - test.addresses)
        Flatten_HKeyOrdered(test.customers INNER test.addresses)
          GroupLookup_Default(Index(test.customers.name) -> test.customers, test.addresses)
            IndexScan_Default(Index(test.customers.name), name = 'IBM', cid ASC)
      Product_Nested(test.customers - test.addresses x test.customers - test.orders)
        Filter_Default(test.customers - test.orders)
          Flatten_HKeyOrdered(test.customers INNER test.orders)
            BranchLookup_Nested(test.customers -> test.orders)