PhysicalSelect[cid:int, name:varchar(32), oid:int, cid:int, order_date:date, id:int, pid:int, name:varchar(256), iid:int, oid:int, sku:varchar(32), quan:int]
  Map_NestedLoops(0)
    Filter_Default(child)
      GroupScan_Default(parent)
    Map_NestedLoops(1)
      Flatten_HKeyOrdered(customers INNER orders)
        GroupLookup_Default(Index(orders.PRIMARY) -> customers, orders)
          IndexScan_Default(Index(orders.PRIMARY), oid = child.pid)
      Project_Default(customers.cid, customers.name, orders.oid, orders.cid, orders.order_date, child.id, child.pid, child.name, items.iid, items.oid, items.sku, items.quan)
        GroupLookup_Default(Index(items.__akiban_fk_1) -> items)
          IndexScan_Default(Index(items.__akiban_fk_1), oid = child.id, orders.cid, iid)