SelectQuery@60da5686
  ResultSet@1e66a917[name, order_date]
    Distinct@65e73498
      Sort@2e2e1b6c[user.customers.name, user.orders.order_date]
        Project@550a6723[user.customers.name, user.orders.order_date]
          Select@1df95673[]
            JoinNode@5c9aa764(INNER[user.orders.oid == user.items.oid])
              JoinNode@2d63c5bb(INNER[user.customers.cid == user.orders.cid])
                TableSource@714a8f44(user.customers)
                TableSource@5603f377(user.orders)
              TableSource@1d6535bf(user.items)