SelectQuery@60da5686
  ResultSet@1e66a917[name, order_date]
    Distinct@65e73498
      Sort@2e2e1b6c[PROJECT[0], PROJECT[1]]
        Project@550a6723[customers.name, orders.order_date]
          Select@1df95673[]
            JoinNode@5c9aa764(INNER[orders.oid == items.oid])
              JoinNode@2d63c5bb(INNER[customers.cid == orders.cid])
                TableSource@714a8f44(customers)
                TableSource@5603f377(orders)
              TableSource@1d6535bf(items)