SelectQuery@68a53de4
  ResultSet@38827968[user.parent.id, user.parent.name, user.parent.state]
    Filter@7df0b7d3[NOT_EXISTS ResultSet@46b4be3d[true]]
      TableSource@435bb0f(user.parent)

ResultSet@46b4be3d[true]
  Filter@638bd7f1[user.child.pid == user.parent.id, user.child.name == Bill]
    TableSource@720e4245(user.child)