SelectQuery@3ef70ff
  ResultSet@5ce3775d[cid, name, oid, cid, order_date, iid, oid, sku, quan, price]
    Project@59b1aa4f[customers.cid, customers.name, orders.oid, orders.cid, orders.order_date, items.iid, items.oid, items.sku, items.quan, items.price]
      Select@1f24568a[ANY(Subquery@aad8dff)]
        JoinNode@84565d3(INNER[orders.oid == items.oid])
          JoinNode@42003e3(INNER[customers.cid == orders.cid])
            TableSource@51df2e32(customers)
            TableSource@1351fe9c(orders)
          TableSource@6c22bdac(items)

Subquery@aad8dff
  Project@5cd29eaa[and(and(customers.name == VALUES[0],items.sku == VALUES[1]),items.quan == VALUES[2])]
    ExpressionsSource@7aeda82([[Smith, 1234, 100], [Jones, 4567, 200]])