SelectQuery@594ab51b
  ResultSet@7e413fc6[cid, name, oid, cid, order_date, iid, oid, sku, quan]
    Project@6dc220eb[customers.cid, customers.name, orders.oid, orders.cid, orders.order_date, items.iid, items.oid, items.sku, items.quan]
      Select@3bc6d11a[]
        Flatten@1664a9b(customers INNER orders INNER items)
          AncestorLookup@79ca209e(items -> [customers, orders, items])
            IndexScan@4523a389(Index(.customers.sku_and_date[IndexColumn(sku), IndexColumn(order_date)]), SORTED/reverse, =1234)
            TableSource@6b98e8b4(customers - TableGroup@2c8c7d6(customers))
            TableSource@3d5b89c(orders - TableGroupJoin@6762ba99(Join(user/customers/cid/user/user.orders/cid: user.orders -> user.customers, group(customers))))
            TableSource@444b0bbb(items - TableGroupJoin@6482d603(Join(user/orders/oid/user/user.items/oid: user.items -> user.orders, group(customers))))
