SelectQuery@64dc420b
  ResultSet@387413e8[quan, quan]
    Project@4cc7014c[i1.quan, i2.quan]
      Select@1d264bf5[i2.sku == 4567]
        Product@7deb41d6(customers)
          Flatten@602f892f(customers INNER o1 INNER i1)
            AncestorLookup@50d79dfe(items -> [customers, orders, items])
              MultiIndexIntersectScan@7bc5b828(INTERSECT(compare 1, skip 1: SingleIndexScan@71bd8993(Index(test.items.sku[IndexColumn(sku)]), , =1234) AND skip 1: SingleIndexScan@52934c3b(Index(test.items.sku[IndexColumn(sku)]), , =4567)), SORTED/reverse, rows = 1, cost = 17303.6)
              TableSource@4f14e777(customers - TableGroup@48d593f7(customers))
              TableSource@65685e30(o1 - TableGroupJoin@728edb84(Join(test/customers/cid/test/test.orders/cid: test.orders -> test.customers, group(test.customers))))
              TableSource@35afe17b(i1 - TableGroupJoin@edf1de(Join(test/orders/oid/test/test.items/oid: test.items -> test.orders, group(test.customers))))
          Flatten@5a2264c(customers INNER o2 INNER i2)
            BranchLookup@58804a77(customers -> orders)
              TableSource@660e5025(o2 - TableGroupJoin@4e98f805(Join(test/customers/cid/test/test.orders/cid: test.orders -> test.customers, group(test.customers))))
              TableSource@2dfc6dc6(i2 - TableGroupJoin@1cc33893(Join(test/orders/oid/test/test.items/oid: test.items -> test.orders, group(test.customers))))
