SelectQuery@694b081b
  ResultSet@1effc3eb[cid, name, oid, cid, order_date]
    Project@29978933[user.customers.cid, user.customers.name, user.orders.oid, user.orders.cid, user.orders.order_date]
      Filter@23e45a5c[]
        Flatten_New@234265(user.customers INNER_JOIN user.orders)
          GroupScan@64e8606c(Group(customers -> user._akiban_customers))