SelectQuery@7f702d0c
  ResultSet@1d9db031[name]
    Project@5b9a7027[mammal.name]
      Select@78393f6c[mammal.pregnant == 1, isNull(domesticanimal.mammal)]
        JoinNode@d2184d0(LEFT/NESTED_LOOPS)
          JoinNode@13967a6c(LEFT/NESTED_LOOPS)
            TableGroupJoinTree@2d9677c8(TableGroup@7c3f527f(mammal), mammal - GroupScan@21414f93(Group(test.mammal), rows = 1, cost = 2.64000))
              TableSource@1063ce11(mammal - TableFKJoin@46cf4cf3(Foreign Key fk_animal_m: test.mammal REFERENCES test.animal))
            TableGroupJoinTree@719202d9(TableGroup@53c509d6(domesticanimal), domesticanimal - SingleIndexScan@2d08eb91(Index(test.domesticanimal.PRIMARY[IndexColumn(mammal)]), covering/NONE, =mammal.animal, rows = 1, cost = 5.89280))
              TableSource@86dc67f(domesticanimal - TableFKJoin@24a193b0(Foreign Key fk_mammal_d: test.domesticanimal REFERENCES test.mammal))
          TableGroupJoinTree@28f92ecf(TableGroup@6be71a99(dog), dog - SingleIndexScan@11836a27(Index(test.dog.PRIMARY[IndexColumn(mammal)]), covering/NONE, =mammal.animal, rows = 1, cost = 5.89280))
            TableSource@5f02c02b(dog - TableFKJoin@4aae2f6c(Foreign Key test_dog_fkey: test.dog REFERENCES test.domesticanimal))