SelectQuery@6bb37578
  ResultSet@52e55085[name]
    Project@4d097647[mammal.name]
      Select@283456d4[mammal.pregnant == 1]
        JoinNode@58a50f75(LEFT/NESTED_LOOPS)
          JoinNode@3c99f7ca(LEFT/NESTED_LOOPS)
            TableGroupJoinTree@22ea5d0a(TableGroup@205b0ddb(mammal), mammal - GroupScan@39eab575(Group(test.mammal), rows = 1, cost = 1.82000))
              TableSource@1ea3f50a(mammal - TableFKJoin@602f3207(Foreign Key fk_animal_m: test.mammal REFERENCES test.animal))
            TableGroupJoinTree@48824d6e(TableGroup@3a7d9ae6(domesticanimal), domesticanimal - SingleIndexScan@c44900a(Index(test.domesticanimal.PRIMARY[IndexColumn(mammal)]), covering/NONE, =mammal.animal, rows = 1, cost = 5.89280))
              TableSource@1e2c733d(domesticanimal - TableFKJoin@694c86d0(Foreign Key fk_mammal_d: test.domesticanimal REFERENCES test.mammal))
          TableGroupJoinTree@62a995f2(TableGroup@1f26f7b2(dog), dog - SingleIndexScan@374fd718(Index(test.dog.PRIMARY[IndexColumn(mammal)]), covering/NONE, =domesticanimal.mammal, rows = 1, cost = 5.89280))
            TableSource@7841b944(dog - TableFKJoin@5ab28506(Foreign Key test_dog_fkey: test.dog REFERENCES test.domesticanimal))