SelectQuery@5efd29ce
  ResultSet@3ec3c41a[description]
    Project@267fa727[animal.description]
      Select@6b70530[mammal.pregnant == 1]
        JoinNode@63028c4e(LEFT/NESTED_LOOPS)
          TableGroupJoinTree@2a956093(TableGroup@3c4987aa(animal), animal - GroupScan@7f69c8d1(Group(test.animal), rows = 1, cost = 1.82000))
            TableSource@9fd9a27(animal - TableGroup@3c4987aa(animal))
          TableGroupJoinTree@34f768bc(TableGroup@79ff52b0(mammal), mammal - ExpressionsHKeyScan@698ddf62(TableSource@68937b90(mammal - TableFKJoin@6144d111(Foreign Key fk_animal_m: test.mammal REFERENCES test.animal)), animal.id, rows = 1, cost = 8.47920))
            TableSource@68937b90(mammal - TableFKJoin@6144d111(Foreign Key fk_animal_m: test.mammal REFERENCES test.animal))