SelectQuery@7697220
  ResultSet@1bc396ad[name]
    Project@45d94618[mammal.name]
      Select@3b88f57b[mammal.pregnant == 1]
        JoinNode@4c7051c0(LEFT/NESTED_LOOPS)
          JoinNode@62073b74(LEFT/NESTED_LOOPS)
            TableGroupJoinTree@3d93bdb5(TableGroup@48d06ef3(mammal), mammal - GroupScan@6c2438dd(Group(test.mammal), rows = 1, cost = 1.82000))
              TableSource@70a7284e(mammal - TableGroup@48d06ef3(mammal))
            TableGroupJoinTree@4658a66c(TableGroup@11cdd1bc(domesticanimal), domesticanimal - SingleIndexScan@5f8496c5(Index(test.domesticanimal.PRIMARY[IndexColumn(mammal)]), covering/NONE, =mammal.animal, rows = 1, cost = 5.89280))
              TableSource@11302852(domesticanimal - TableFKJoin@79c69080(Foreign Key fk_mammal: test.domesticanimal REFERENCES test.mammal))
          TableGroupJoinTree@66162088(TableGroup@5b3901f5(dog), dog - SingleIndexScan@7bafaa9c(Index(test.dog.PRIMARY[IndexColumn(mammal)]), covering/NONE, =domesticanimal.mammal, rows = 1, cost = 5.89280))
            TableSource@c840dcf(dog - TableFKJoin@49ea2734(Foreign Key __fk_1: test.dog REFERENCES test.domesticanimal))
