SelectQuery@636590f9
  ResultSet@2110fe6a[description, name, name]
    Project@62aef21b[animal.description, parent.name, child.name]
      Select@4b98fd3a[]
        JoinNode@5c66d6e5(INNER/NESTED_LOOPS[animal.serial_number == 001])
          TableGroupJoinTree@24cbcaa(TableGroup@31470886(animal), animal - GroupScan@63a683c7(Group(test.animal), rows = 1, cost = 1.00000))
            TableSource@40fd3b67(animal - TableFKJoin@4915b0ed(Foreign Key fk_mother: test.animal REFERENCES test.parent))
          TableGroupJoinTree@7bf63e13(TableGroup@2e80aeb0(parent), parent INNER child - ExpressionsHKeyScan@2f12bd17(TableSource@35374a84(parent - TableGroup@2e80aeb0(parent)), animal.mother_id, rows = 1, cost = 101.000))
            TableSource@35374a84(parent - TableGroup@2e80aeb0(parent))
              TableSource@42b9d0bd(child - TableGroupJoin@773c4925(Join(test/parent/id/test/test.child/pid: test.child -> test.parent, group(test.parent))))