SelectQuery@7bc697aa
  ResultSet@2b0f5962[name, name, serial_number]
    Project@7cb54703[zoo.name, mother.name, animal.serial_number]
      Select@614955eb[]
        JoinNode@fd4f26f(INNER/NESTED_LOOPS[zoo.id == animal.zoo_id])
          TableGroupJoinTree@152e26ac(TableGroup@28edc7b1(zoo), zoo - GroupScan@65785d87(Group(test.zoo), rows = 1, cost = 1.00000))
            TableSource@14582cee(zoo - TableGroup@28edc7b1(zoo))
          JoinNode@41447e1c(INNER/NESTED_LOOPS[animal.description == Lizard, mother.id == animal.mother_id])
            TableGroupJoinTree@322d4206(TableGroup@12d14a75(animal), animal - GroupScan@77b381bd(Group(test.animal), rows = 1, cost = 1.82000))
              TableSource@7683ad4c(animal - TableGroup@12d14a75(animal))
            TableGroupJoinTree@3949b1a6(TableGroup@6a6f50f9(parent), mother - SingleIndexScan@2a0adcb0(Index(test.parent.name[IndexColumn(name)]), covering/NONE, rows = 1, cost = 8.81100))
              TableSource@3ee6955d(mother - TableGroup@6a6f50f9(parent))