SelectQuery@253bb64
  ResultSet@4733a36d[name, name, serial_number]
    Project@f2e6da0[zoo.name, mother.name, animal.serial_number]
      Select@311f2b29[]
        JoinNode@7ab2dd1a(INNER/NESTED_LOOPS[zoo.id == animal.zoo_id])
          TableGroupJoinTree@75c1bcd2(TableGroup@2ee7ed27(zoo), zoo - GroupScan@74d214e4(Group(test.zoo), rows = 1, cost = 1.00000))
            TableSource@3ac6452e(zoo - TableGroup@2ee7ed27(zoo))
          JoinNode@c59c0a7(INNER/NESTED_LOOPS[animal.description == Lizard, mother.id == animal.mother_id])
            TableGroupJoinTree@60407ad8(TableGroup@7c82b37f(animal), animal - GroupScan@58771a46(Group(test.animal), rows = 1, cost = 1.00000))
              TableSource@32aa6056(animal - TableGroup@7c82b37f(animal))
            TableGroupJoinTree@29412c46(TableGroup@68d696b5(parent), mother - SingleIndexScan@735e1709(Index(test.parent.name[IndexColumn(name)]), covering/NONE, rows = 1, cost = 8.81100))
              TableSource@4f9ac816(mother - TableGroup@68d696b5(parent))