SelectQuery@5e8c39d7
  ResultSet@482982bf[order_date, name]
    Project@1d46ee9c[orders.order_date, child.name]
      Select@1bdb52c8[]
        JoinNode@5c17d6c1(INNER/NESTED_LOOPS)
          TableJoins@21144823(TableGroup@655daa9e(customers) - SingleIndexScan@686c9f0f(Index(test.orders.order_date[IndexColumn(order_date)]), NONE, >Cast(2011-01-01 AS DATE NOT NULL)))
            JoinNode@3a8c02cc(INNER/GROUP[orders.cid == customers.cid] - TableGroupJoin@333ec758(Join(test/customers/cid/test/test.orders/cid: test.orders -> test.customers, group(test.customers))))
              TableSource@5a10c276(customers - TableGroup@655daa9e(customers))
              TableSource@24eff2c(orders - TableGroupJoin@333ec758(Join(test/customers/cid/test/test.orders/cid: test.orders -> test.customers, group(test.customers))))
          TableJoins@74ac576f(TableGroup@5e917cb0(parent) - SingleIndexScan@21913751(Index(test.parent.name[IndexColumn(name)]), NONE, =customers.name))
            JoinNode@5ea07440(INNER/GROUP[child.pid == parent.id] - TableGroupJoin@44c6b80e(Join(test/parent/id/test/test.child/pid: test.child -> test.parent, group(test.parent))))
              TableSource@1052a2e3(parent - TableGroup@5e917cb0(parent))
              TableSource@2143ed74(child - TableGroupJoin@44c6b80e(Join(test/parent/id/test/test.child/pid: test.child -> test.parent, group(test.parent))))
