project([Field(1), Field(8), Field(4)])
  Product_ByRun(flatten(user.customers, user.addresses) x flatten(user.customers, user.orders))
    Filter_Default([flatten(user.customers, user.addresses), flatten(user.customers, user.orders)])
      Flatten_HKeyOrdered(user.customers INNER user.addresses)
        Flatten_HKeyOrdered(user.customers KEEP INNER user.orders)
          BranchLookup_Default(_akiban_customers user.orders -> user.addresses limit NO LIMIT)
            AncestorLookup_Default(Index(user.orders.order_date[IndexColumn(order_date)]) -> [user.customers, user.orders])
              IndexScan_Default(Index(user.orders.order_date[IndexColumn(order_date)]) (>UnboundExpressions[Literal(1029665)],<UnboundExpressions[Literal(NULL)]))
[name:varchar(32)[VARCHAR], order_date:date[DATE], state:char(2)[VARCHAR]]
