 project([Field(10), Field(4), Field(7), Field(8), Field(13)])
   Extract_Default([product(flatten(flatten(mmcm.customers, mmcm.orders), mmcm.items) x flatten(mmcm.customers, mmcm.addresses))])
     Product_HKeyOrdered(flatten(flatten(mmcm.customers, mmcm.orders), mmcm.items) x flatten(mmcm.customers, mmcm.addresses))
       Flatten_HKeyOrdered(mmcm.customers INNER mmcm.addresses)
         Flatten_HKeyOrdered(flatten(mmcm.customers, mmcm.orders) KEEP INNER mmcm.items)
           Flatten_HKeyOrdered(mmcm.customers KEEP INNER mmcm.orders)
             BranchLookup_Default(_akiban_customers mmcm.items -> mmcm.addresses limit NO LIMIT)
               AncestorLookup_Default(Index(mmcm.items.sku[IndexColumn(sku)]) -> [mmcm.customers, mmcm.orders, mmcm.items])
                 GroupScan_Default(_akiban_customers)
