SelectQuery@2e00e753
  ResultSet@3d5311bd[order_date, sku, quan]
    Project@18b1aebf[orders.order_date, items.sku, items.quan]
      Select@39478a43[or(customers.name == Smith,IN(items.sku, [1234, 6666, 9876]))]
        Flatten@2c979e8b(customers INNER orders INNER items)
          GroupScan@1629ce8c(Group(customers -> user._akiban_customers))
            TableSource@39cf4a2c(customers - TableGroup@12b754b2(customers))
            TableSource@580eac5a(orders - TableGroupJoin@42197bb7(Join(user/customers/cid/user/user.orders/cid: user.orders -> user.customers, group(customers))))
            TableSource@371bed71(items - TableGroupJoin@17094d48(Join(user/orders/oid/user/user.items/oid: user.items -> user.orders, group(customers))))
