SelectQuery@418a9fc8
  ResultSet@74002515[name, state, order_date, sku, ship_date, referral]
    Project@3582c132[customers.name, addresses.state, orders.order_date, items.sku, shipments.ship_date, referrals.referral]
      Select@1b59d510[]
        Product@26b31b77(customers)
          Flatten@72940b84(customers INNER addresses)
            GroupScan@6d66f9b9(Group(test.customers), rows = 2000000, cost = 8.08841e+07)
              TableSource@5c74cb02(customers - TableGroup@39518cc(customers))
              TableSource@77bc1fb9(addresses - TableGroupJoin@576504fa(Join(test/customers/cid/test/test.addresses/cid: test.addresses -> test.customers, group(test.customers))))
          Product@6e8d1800(orders)
            Flatten@38d0357a(customers INNER orders INNER items)
              BranchLookup@558041e0(customers -> orders)
                TableSource@7bafb0c7(orders - TableGroupJoin@318efaea(Join(test/customers/cid/test/test.orders/cid: test.orders -> test.customers, group(test.customers))))
                TableSource@4b7f1841(items - TableGroupJoin@56278e83(Join(test/orders/oid/test/test.items/oid: test.items -> test.orders, group(test.customers))))
            Flatten@63a5ec6c(orders INNER shipments)
              BranchLookup@2244d990(orders -> shipments)
                TableSource@5117a20(shipments - TableGroupJoin@21fb3211(Join(test/orders/oid/test/test.shipments/oid: test.shipments -> test.orders, group(test.customers))))
          Flatten@2929e5e9(customers INNER referrals)
            BranchLookup@7db5391b(customers -> referrals)
              TableSource@5fc6e818(referrals - TableGroupJoin@4b85c17(Join(test/customers/cid/test/test.referrals/cid: test.referrals -> test.customers, group(test.customers))))
