SelectQuery@788390b0
  ResultSet@29b22d99[iid, oid, sku, quan]
    Project@70cfad31[items.iid, items.oid, items.sku, items.quan]
      Select@559b808a[items.quan > 100]
        Flatten@18f63055(items)
          AncestorLookup@54140fee(items -> [items])
            SingleIndexScan@7121fd61(Index(test.items.sku[IndexColumn(sku)]), SORTED, rows = 20000, cost = 166762)
            TableSource@174323d5(items - TableGroup@10c789fb(customers))
