SelectQuery@4267cbc
  ResultSet@7ac71cc4[name, oid]
    Project@2631c6d5[customers.name, o1.oid]
      Select@df4dd8a[o1.order_date == 2011-12-31]
        Flatten@3187829b(customers INNER o1)
          BranchLookup@378fa784(customers -> orders)
            AncestorLookup@383ee79b(orders -> [customers])
              SingleIndexScan@5e6a3582(Index(test.orders.order_date[IndexColumn(order_date)]), NONE, =2012-01-01, rows = 1, cost = 904.341)
              TableSource@6c2e5c47(customers - TableGroup@52bb42eb(customers))
            TableSource@57ac70cd(o1 - TableGroupJoin@259052ac(Join(test/customers/cid/test/test.orders/cid: test.orders -> test.customers, group(test.customers))))
