OPERATORS
Project_Default(customers.name, orders.order_date, items.sku, items.quan)
  Flatten_HKeyOrdered(customers - orders INNER items)
    Flatten_HKeyOrdered(customers INNER orders)
      GroupLookup_Default(Index(items.sku) -> customers, orders, items)
        IndexScan_Default(Index(items.sku), sku < '8888')
