com.foundationdb.sql.parser.CursorNode@79de256f
name: null
updateMode: UNSPECIFIED
statementType: SELECT
resultSet: 	
	com.foundationdb.sql.parser.SelectNode@676bd8ea
	isDistinct: false
	resultColumns: 		
		com.foundationdb.sql.parser.ResultColumnList@596e1fb1

		[0]:		
		com.foundationdb.sql.parser.ResultColumn@4ce2cb55
		exposedName: x
		name: x
		tableName: null
		isDefaultColumn: false
		type: null
		expression: 			
			com.foundationdb.sql.parser.ColumnReference@3d9360e2
			columnName: x
			tableName: null
			type: null
			userData: t1.x from com.foundationdb.sql.parser.FromBaseTable@52c05d3b
		[1]:		
		com.foundationdb.sql.parser.ResultColumn@16bdb503
		exposedName: y
		name: y
		tableName: null
		isDefaultColumn: false
		type: null
		expression: 			
			com.foundationdb.sql.parser.ColumnReference@b6e39f
			columnName: y
			tableName: null
			type: null
			userData: t1.y from com.foundationdb.sql.parser.FromBaseTable@52c05d3b
	fromList: 		
		com.foundationdb.sql.parser.FromList@6719dc16

		[0]:		
		com.foundationdb.sql.parser.FromBaseTable@52c05d3b
		tableName: t1
		updateOrDelete: null
		null
		correlation Name: null
		null
		userData: test.t1
		[1]:		
		com.foundationdb.sql.parser.FromBaseTable@5328f6ee
		tableName: t2
		updateOrDelete: null
		null
		correlation Name: tt
		tt
		userData: test.t2
	whereClause: 		
		com.foundationdb.sql.parser.BinaryRelationalOperatorNode@266bade9
		operator: >
		methodName: greaterThan
		type: null
		leftOperand: 			
			com.foundationdb.sql.parser.ColumnReference@6766afb3
			columnName: y
			tableName: t1
			type: null
			userData: t1.y from com.foundationdb.sql.parser.FromBaseTable@52c05d3b
		rightOperand: 			
			com.foundationdb.sql.parser.ColumnReference@69945ce
			columnName: w
			tableName: tt
			type: null
			userData: t2.w from com.foundationdb.sql.parser.FromBaseTable@5328f6ee
