com.foundationdb.sql.parser.CursorNode@303020ad
name: null
updateMode: UNSPECIFIED
statementType: SELECT
resultSet: 	
	com.foundationdb.sql.parser.SelectNode@27b15692
	isDistinct: false
	resultColumns: 		
		com.foundationdb.sql.parser.ResultColumnList@6baa9f99

		[0]:		
		com.foundationdb.sql.parser.ResultColumn@ed42d08
		exposedName: x
		name: x
		tableName: null
		isDefaultColumn: false
		type: null
		expression: 			
			com.foundationdb.sql.parser.ColumnReference@bd86fd3
			columnName: x
			tableName: t1
			type: null
			userData: t1.x from com.foundationdb.sql.parser.FromBaseTable@45db05b2
		[1]:		
		com.foundationdb.sql.parser.ResultColumn@2e958bb8
		exposedName: y
		name: y
		tableName: null
		isDefaultColumn: false
		type: null
		expression: 			
			com.foundationdb.sql.parser.ColumnReference@5c07f4ec
			columnName: y
			tableName: t1
			type: null
			userData: t1.y from com.foundationdb.sql.parser.FromBaseTable@45db05b2
		[2]:		
		com.foundationdb.sql.parser.ResultColumn@e60e128
		exposedName: z
		name: z
		tableName: null
		isDefaultColumn: false
		type: null
		expression: 			
			com.foundationdb.sql.parser.ColumnReference@7a5e1077
			columnName: z
			tableName: t1
			type: null
			userData: t1.z from com.foundationdb.sql.parser.FromBaseTable@45db05b2
	fromList: 		
		com.foundationdb.sql.parser.FromList@358b3364

		[0]:		
		com.foundationdb.sql.parser.FromBaseTable@45db05b2
		tableName: t1
		updateOrDelete: null
		null
		correlation Name: null
		null
		userData: test.t1
	whereClause: 		
		com.foundationdb.sql.parser.SubqueryNode@2e530cf2
		subqueryType: EXISTS
		type: null
		resultSet: 			
			com.foundationdb.sql.parser.SelectNode@4e76fba0
			isDistinct: false
			resultColumns: 				
				com.foundationdb.sql.parser.ResultColumnList@6581ed9e

				[0]:				
				com.foundationdb.sql.parser.ResultColumn@35175422
				exposedName: 
				name: 
				tableName: null
				isDefaultColumn: false
				type: BOOLEAN NOT NULL
				expression: 					
					com.foundationdb.sql.parser.BooleanConstantNode@e949f69
					value: true
					type: BOOLEAN NOT NULL
			fromList: 				
				com.foundationdb.sql.parser.FromList@3f6dadf9

				[0]:				
				com.foundationdb.sql.parser.FromBaseTable@39b8d6f7
				tableName: t2
				updateOrDelete: null
				null
				correlation Name: null
				null
				userData: test.t2
