SelectQuery@d09099d
  ResultSet@4c56291a[order_date, name]
    MapJoin@90affe()
      Flatten@1b124cfc(customers INNER orders)
        GroupScan@4e7c4246(Group(test.customers), rows = 1000, cost = 60531.0)
          TableSource@785b38d6(customers - TableGroup@3fe329eb(customers))
          TableSource@2cf0a755(orders - TableGroupJoin@5ad52411(Join(test/customers/cid/test/test.orders/cid: test.orders -> test.customers, group(test.customers))))
      Project@2ca4911d[orders.order_date, child.name]
        Select@68331dd0[or(customers.name != child.name,isNull(child.name))]
          NullIfEmpty@5f3306ad
            Flatten@efb78af(child)
              BranchLookup@1fb030d8(parent -> parent)
                SingleIndexScan@6856c528(Index(test.parent.name[IndexColumn(name)]), NONE, =customers.name, rows = 10, cost = 426.731)
                TableSource@b6e14f9(child - TableGroupJoin@18a9fa9c(Join(test/parent/id/test/test.child/pid: test.child -> test.parent, group(test.parent))))
