SelectQuery@1eb0c6
  ResultSet@e7b3f2[order_date, name]
    MapJoin@18c4a7f()
      SingleIndexScan@2dd22817(Index(test.child.name[IndexColumn(name)]), covering/NONE, rows = 1000, cost = 1044.07)
      MapJoin@12c4c57()
        SingleIndexScan@147e668(Index(test.parent.name[IndexColumn(name)]), covering/NONE, =child.name, rows = 1, cost = 7.17100)
        Project@1d709a5[orders.order_date, child.name]
          Select@ba6c13[]
            Select@28115536[]
              Flatten@2e663768(orders)
                Select@7523cde5[orders.order_date > 2011-01-01]
                  BranchLookup@1a2b178(customers -> customers)
                    SingleIndexScan@60313e1e(Index(test.customers.name[IndexColumn(name)]), NONE, =parent.name, rows = 9, cost = 607.054)
                    TableSource@73d55dd(orders - TableGroupJoin@40e554e8(Join(test/customers/cid/test/test.orders/cid: test.orders -> test.customers, group(test.customers))))
