SelectQuery@2ed8453c
  ResultSet@78a97e2a[_SQL_COL_1]
    Project@3f9a3549[COUNT(*)]
      Select@25206c3e[]
        AggregateSource@73a26d7c(UNGROUPED,[])
          Select@2cc22333[]
            Product@4b7ceea0(customers)
              Flatten@77167117(customers INNER addresses)
                BranchLookup@625ada15(customers -> customers)
                  SingleIndexScan@3aa3cb25(Index(test.customers.name[IndexColumn(name)]), NONE, =Smith, rows = 10, cost = 1340.69)
                  TableSource@4b3c9766(customers - TableGroup@78121e5(customers))
                  TableSource@4d15562(addresses - TableGroupJoin@576e0836(Join(test/customers/cid/test/test.addresses/cid: test.addresses -> test.customers, group(test.customers))))
              Flatten@78dd3e11(customers INNER orders)
                BranchLookup@5160c15(customers -> orders)
                  TableSource@76f7d020(orders - TableGroupJoin@6a73394e(Join(test/customers/cid/test/test.orders/cid: test.orders -> test.customers, group(test.customers))))