SelectQuery@3c9353
  ResultSet@ec574c[iid, oid, sku, quan]
    Project@575bc6[items.iid, items.oid, items.sku, items.quan]
      Select@14a36cd[]
        Flatten@1b57da2(items)
          AncestorLookup@4b530d(items -> [items])
            SingleIndexScan@139aad8(Index(test.items.sku[IndexColumn(sku)]), NONE, =1234, rows = 97, cost = 734.773)
            TableSource@1d3e40f(items - TableGroup@ff5cf9(customers))
