SelectQuery@2be26d42
  ResultSet@1e731e90[cid, name, cid, name, id, pid, name, id, name, state]
    Project@17db8f8e[customers.cid, customers.name, customers.cid, customers.name, child.id, child.pid, child.name, parent.id, parent.name, parent.state]
      Select@4fadbfde[]
        JoinNode@180fb0b0(LEFT[parent.name == customers.name])
          JoinNode@2e18ff27(INNER[child.name == customers.name])
            JoinNode@6b177115(INNER[customers.name == customers.name, customers.cid != customers.cid])
              TableGroupJoinTree@500150a0(TableGroup@6546169(customers), customers)
                TableSource@4fff395a(customers - TableGroup@6546169(customers))
              TableGroupJoinTree@dc737be(TableGroup@121ca203(customers), customers)
                TableSource@7d0e6cbd(customers - TableGroup@121ca203(customers))
            TableGroupJoinTree@15d07c3f(TableGroup@2a8d1749(parent), child)
              TableSource@3e052c6f(child - TableGroup@2a8d1749(parent))
          TableGroupJoinTree@14f3cf72(TableGroup@12b8501d(parent), parent)
            TableSource@45a84b38(parent - TableGroup@12b8501d(parent))
